2026-08-16 11:48:07.488 [background-preinit] INFO  o.h.validator.internal.util.Version - HV000001: Hibernate Validator 8.0.1.Final
2026-08-16 11:48:07.591 [main] INFO  m.v.web_application.WebApplication - Starting WebApplication using Java 25.0.1 with PID 18848 (C:\Users\User\Documents\Projetos Java\3865-seguranca-java\target\classes started by User in C:\Users\User\Documents\Projetos Java\3865-seguranca-java)
2026-08-16 11:48:07.592 [main] DEBUG m.v.web_application.WebApplication - Running with Spring Boot v3.4.0, Spring v6.2.0
2026-08-16 11:48:07.594 [main] INFO  m.v.web_application.WebApplication - No active profile set, falling back to 1 default profile: "default"
2026-08-16 11:48:09.908 [main] INFO  o.s.d.r.c.RepositoryConfigurationDelegate - Bootstrapping Spring Data JPA repositories in DEFAULT mode.
2026-08-16 11:48:09.934 [main] DEBUG o.s.d.r.c.RepositoryConfigurationDelegate - Scanning for JPA repositories in packages med.voll.web_application.
2026-08-16 11:48:09.953 [main] DEBUG o.s.d.r.c.RepositoryComponentProvider - Identified candidate component class: file [C:\Users\User\Documents\Projetos Java\3865-seguranca-java\target\classes\med\voll\web_application\domain\consulta\ConsultaRepository.class]
2026-08-16 11:48:09.954 [main] DEBUG o.s.d.r.c.RepositoryComponentProvider - Identified candidate component class: file [C:\Users\User\Documents\Projetos Java\3865-seguranca-java\target\classes\med\voll\web_application\domain\medico\MedicoRepository.class]
2026-08-16 11:48:10.009 [main] INFO  o.s.d.r.c.RepositoryConfigurationDelegate - Finished Spring Data repository scanning in 72 ms. Found 2 JPA repository interfaces.
2026-08-16 11:48:11.531 [main] INFO  o.s.b.w.e.tomcat.TomcatWebServer - Tomcat initialized with port 8080 (http)
2026-08-16 11:48:11.551 [main] INFO  o.a.coyote.http11.Http11NioProtocol - Initializing ProtocolHandler ["http-nio-8080"]
2026-08-16 11:48:11.557 [main] INFO  o.a.catalina.core.StandardService - Starting service [Tomcat]
2026-08-16 11:48:11.557 [main] INFO  o.a.catalina.core.StandardEngine - Starting Servlet engine: [Apache Tomcat/10.1.33]
2026-08-16 11:48:11.704 [main] INFO  o.a.c.c.C.[Tomcat].[localhost].[/] - Initializing Spring embedded WebApplicationContext
2026-08-16 11:48:11.705 [main] INFO  o.s.b.w.s.c.ServletWebServerApplicationContext - Root WebApplicationContext: initialization completed in 3600 ms
2026-08-16 11:48:12.357 [main] DEBUG o.s.w.f.ServerHttpObservationFilter - Filter 'webMvcObservationFilter' configured for use
2026-08-16 11:48:12.702 [main] INFO  com.zaxxer.hikari.HikariDataSource - HikariPool-1 - Starting...
2026-08-16 11:48:13.325 [main] INFO  com.zaxxer.hikari.pool.HikariPool - HikariPool-1 - Added connection com.mysql.cj.jdbc.ConnectionImpl@51172948
2026-08-16 11:48:13.328 [main] INFO  com.zaxxer.hikari.HikariDataSource - HikariPool-1 - Start completed.
2026-08-16 11:48:13.417 [main] INFO  org.flywaydb.core.FlywayExecutor - Database: jdbc:mysql://localhost/vollmed_web?createDatabaseIfNotExist=true (MySQL 8.0)
2026-08-16 11:48:13.525 [main] INFO  o.f.core.internal.command.DbValidate - Successfully validated 2 migrations (execution time 00:00.057s)
2026-08-16 11:48:13.563 [main] INFO  o.f.core.internal.command.DbMigrate - Current version of schema `vollmed_web`: 2
2026-08-16 11:48:13.572 [main] INFO  o.f.core.internal.command.DbMigrate - Schema `vollmed_web` is up to date. No migration necessary.
2026-08-16 11:48:13.794 [main] INFO  o.h.jpa.internal.util.LogHelper - HHH000204: Processing PersistenceUnitInfo [name: default]
2026-08-16 11:48:13.963 [main] INFO  org.hibernate.Version - HHH000412: Hibernate ORM core version 6.6.2.Final
2026-08-16 11:48:14.047 [main] INFO  o.h.c.i.RegionFactoryInitiator - HHH000026: Second-level cache disabled
2026-08-16 11:48:15.716 [main] INFO  o.s.o.j.p.SpringPersistenceUnitInfo - No LoadTimeWeaver setup: ignoring JPA class transformer
2026-08-16 11:48:16.860 [main] INFO  o.hibernate.orm.connections.pooling - HHH10001005: Database info:
	Database JDBC URL [Connecting through datasource 'HikariDataSource (HikariPool-1)']
	Database driver: undefined/unknown
	Database version: 8.0.46
	Autocommit mode: undefined/unknown
	Isolation level: undefined/unknown
	Minimum pool size: undefined/unknown
	Maximum pool size: undefined/unknown
2026-08-16 11:48:18.564 [main] INFO  o.h.e.t.j.p.i.JtaPlatformInitiator - HHH000489: No JTA platform available (set 'hibernate.transaction.jta.platform' to enable JTA platform integration)
2026-08-16 11:48:18.568 [main] INFO  o.s.o.j.LocalContainerEntityManagerFactoryBean - Initialized JPA EntityManagerFactory for persistence unit 'default'
2026-08-16 11:48:18.754 [main] DEBUG o.s.d.j.r.c.JpaMetamodelMappingContextFactoryBean - Initializing JpaMetamodelMappingContext…
2026-08-16 11:48:18.792 [main] DEBUG o.s.d.j.r.c.JpaMetamodelMappingContextFactoryBean - Finished initializing JpaMetamodelMappingContext
2026-08-16 11:48:19.051 [main] DEBUG o.s.d.r.c.s.RepositoryFactorySupport - Initializing repository instance for med.voll.web_application.domain.consulta.ConsultaRepository…
2026-08-16 11:48:19.153 [main] DEBUG o.s.d.j.repository.query.NamedQuery - Looking up named query Consulta.findAllByOrderByData
2026-08-16 11:48:19.158 [main] DEBUG o.s.d.j.repository.query.NamedQuery - Did not find named query Consulta.findAllByOrderByData
2026-08-16 11:48:19.232 [main] DEBUG o.s.d.r.c.s.RepositoryFactorySupport - Finished creation of repository instance for med.voll.web_application.domain.consulta.ConsultaRepository.
2026-08-16 11:48:19.280 [main] DEBUG o.s.d.r.c.s.RepositoryFactorySupport - Initializing repository instance for med.voll.web_application.domain.medico.MedicoRepository…
2026-08-16 11:48:19.301 [main] DEBUG o.s.d.j.repository.query.NamedQuery - Looking up named query Medico.findByEspecialidade
2026-08-16 11:48:19.303 [main] DEBUG o.s.d.j.repository.query.NamedQuery - Did not find named query Medico.findByEspecialidade
2026-08-16 11:48:19.352 [main] DEBUG o.s.d.j.repository.query.NamedQuery - Did not find named query Medico.isJaCadastrado.count
2026-08-16 11:48:19.375 [main] INFO  o.s.d.j.r.query.QueryEnhancerFactory - Hibernate is in classpath; If applicable, HQL parser will be used.
2026-08-16 11:48:21.362 [main] DEBUG o.s.d.r.c.s.RepositoryFactorySupport - Finished creation of repository instance for med.voll.web_application.domain.medico.MedicoRepository.
2026-08-16 11:48:21.640 [main] WARN  o.s.b.a.o.j.JpaBaseConfiguration$JpaWebConfiguration - spring.jpa.open-in-view is enabled by default. Therefore, database queries may be performed during view rendering. Explicitly configure spring.jpa.open-in-view to disable this warning
2026-08-16 11:48:21.751 [main] INFO  o.s.s.c.a.a.c.InitializeUserDetailsBeanManagerConfigurer$InitializeUserDetailsManagerConfigurer - Global AuthenticationManager configured with UserDetailsService bean with name dadosUsuarioCadastrado
2026-08-16 11:48:21.940 [main] INFO  o.s.b.a.w.s.WelcomePageHandlerMapping - Adding welcome page template: index
2026-08-16 11:48:22.279 [main] DEBUG o.s.w.s.m.m.a.RequestMappingHandlerMapping - 12 mappings in 'requestMappingHandlerMapping'
2026-08-16 11:48:22.895 [main] DEBUG o.s.w.s.h.SimpleUrlHandlerMapping - Patterns [/webjars/**, /**] in 'resourceHandlerMapping'
2026-08-16 11:48:23.506 [main] INFO  o.s.b.a.e.web.EndpointLinksResolver - Exposing 3 endpoints beneath base path '/actuator'
2026-08-16 11:48:23.807 [main] DEBUG o.s.s.web.DefaultSecurityFilterChain - Will secure any request with filters: DisableEncodeUrlFilter, WebAsyncManagerIntegrationFilter, SecurityContextHolderFilter, HeaderWriterFilter, CorsFilter, CsrfFilter, LogoutFilter, UsernamePasswordAuthenticationFilter, DefaultResourcesFilter, DefaultLoginPageGeneratingFilter, DefaultLogoutPageGeneratingFilter, BasicAuthenticationFilter, RequestCacheAwareFilter, SecurityContextHolderAwareRequestFilter, AnonymousAuthenticationFilter, ExceptionTranslationFilter, AuthorizationFilter
2026-08-16 11:48:24.109 [main] DEBUG o.s.w.s.m.m.a.RequestMappingHandlerAdapter - ControllerAdvice beans: 0 @ModelAttribute, 0 @InitBinder, 1 RequestBodyAdvice, 1 ResponseBodyAdvice
2026-08-16 11:48:24.432 [main] DEBUG o.s.w.s.m.m.a.ExceptionHandlerExceptionResolver - ControllerAdvice beans: 1 @ExceptionHandler, 1 ResponseBodyAdvice
2026-08-16 11:48:24.992 [main] INFO  o.a.coyote.http11.Http11NioProtocol - Starting ProtocolHandler ["http-nio-8080"]
2026-08-16 11:48:25.028 [main] INFO  o.s.b.w.e.tomcat.TomcatWebServer - Tomcat started on port 8080 (http) with context path '/'
2026-08-16 11:48:25.070 [main] INFO  m.v.web_application.WebApplication - Started WebApplication in 18.62 seconds (process running for 19.66)
2026-08-16 11:50:00.355 [http-nio-8080-exec-1] INFO  o.a.c.c.C.[Tomcat].[localhost].[/] - Initializing Spring DispatcherServlet 'dispatcherServlet'
2026-08-16 11:50:00.356 [http-nio-8080-exec-1] INFO  o.s.web.servlet.DispatcherServlet - Initializing Servlet 'dispatcherServlet'
2026-08-16 11:50:00.356 [http-nio-8080-exec-1] DEBUG o.s.web.servlet.DispatcherServlet - Detected StandardServletMultipartResolver
2026-08-16 11:50:00.357 [http-nio-8080-exec-1] DEBUG o.s.web.servlet.DispatcherServlet - Detected AcceptHeaderLocaleResolver
2026-08-16 11:50:00.357 [http-nio-8080-exec-1] DEBUG o.s.web.servlet.DispatcherServlet - Detected FixedThemeResolver
2026-08-16 11:50:00.358 [http-nio-8080-exec-1] DEBUG o.s.web.servlet.DispatcherServlet - Detected org.springframework.web.servlet.view.DefaultRequestToViewNameTranslator@66e8fa2c
2026-08-16 11:50:00.360 [http-nio-8080-exec-1] DEBUG o.s.web.servlet.DispatcherServlet - Detected org.springframework.web.servlet.support.SessionFlashMapManager@5b81d35c
2026-08-16 11:50:00.361 [http-nio-8080-exec-1] DEBUG o.s.web.servlet.DispatcherServlet - enableLoggingRequestDetails='false': request parameters and headers will be masked to prevent unsafe logging of potentially sensitive data
2026-08-16 11:50:00.362 [http-nio-8080-exec-1] INFO  o.s.web.servlet.DispatcherServlet - Completed initialization in 6 ms
2026-08-16 11:50:00.418 [http-nio-8080-exec-1] DEBUG o.s.security.web.FilterChainProxy - Securing GET /?continue
2026-08-16 11:50:00.452 [http-nio-8080-exec-1] DEBUG o.s.s.w.a.AnonymousAuthenticationFilter - Set SecurityContextHolder to anonymous SecurityContext
2026-08-16 11:50:00.479 [http-nio-8080-exec-1] DEBUG o.s.s.w.s.HttpSessionRequestCache - Saved request http://localhost:8080/?continue to session
2026-08-16 11:50:00.481 [http-nio-8080-exec-1] DEBUG o.s.s.w.a.DelegatingAuthenticationEntryPoint - Trying to match using And [Not [RequestHeaderRequestMatcher [expectedHeaderName=X-Requested-With, expectedHeaderValue=XMLHttpRequest]], MediaTypeRequestMatcher [contentNegotiationStrategy=org.springframework.web.accept.ContentNegotiationManager@5095f89a, matchingMediaTypes=[application/xhtml+xml, image/*, text/html, text/plain], useEquals=false, ignoredMediaTypes=[*/*]]]
2026-08-16 11:50:00.482 [http-nio-8080-exec-1] DEBUG o.s.s.w.a.DelegatingAuthenticationEntryPoint - Match found! Executing org.springframework.security.web.authentication.LoginUrlAuthenticationEntryPoint@10efe4ca
2026-08-16 11:50:00.483 [http-nio-8080-exec-1] DEBUG o.s.s.web.DefaultRedirectStrategy - Redirecting to http://localhost:8080/login
2026-08-16 11:50:00.501 [http-nio-8080-exec-3] DEBUG o.s.security.web.FilterChainProxy - Securing GET /login
2026-08-16 11:50:00.559 [http-nio-8080-exec-4] DEBUG o.s.security.web.FilterChainProxy - Securing GET /default-ui.css
2026-08-16 11:50:00.686 [http-nio-8080-exec-5] DEBUG o.s.security.web.FilterChainProxy - Securing GET /favicon.ico
2026-08-16 11:50:00.692 [http-nio-8080-exec-5] DEBUG o.s.s.w.a.AnonymousAuthenticationFilter - Set SecurityContextHolder to anonymous SecurityContext
2026-08-16 11:50:00.695 [http-nio-8080-exec-5] DEBUG o.s.s.w.a.DelegatingAuthenticationEntryPoint - Trying to match using And [Not [RequestHeaderRequestMatcher [expectedHeaderName=X-Requested-With, expectedHeaderValue=XMLHttpRequest]], MediaTypeRequestMatcher [contentNegotiationStrategy=org.springframework.web.accept.ContentNegotiationManager@5095f89a, matchingMediaTypes=[application/xhtml+xml, image/*, text/html, text/plain], useEquals=false, ignoredMediaTypes=[*/*]]]
2026-08-16 11:50:00.695 [http-nio-8080-exec-5] DEBUG o.s.s.w.a.DelegatingAuthenticationEntryPoint - Match found! Executing org.springframework.security.web.authentication.LoginUrlAuthenticationEntryPoint@10efe4ca
2026-08-16 11:50:00.695 [http-nio-8080-exec-5] DEBUG o.s.s.web.DefaultRedirectStrategy - Redirecting to http://localhost:8080/login
2026-08-16 11:50:00.711 [http-nio-8080-exec-2] DEBUG o.s.security.web.FilterChainProxy - Securing GET /login
2026-08-16 11:50:07.173 [http-nio-8080-exec-6] DEBUG o.s.security.web.FilterChainProxy - Securing POST /login
2026-08-16 11:50:07.330 [http-nio-8080-exec-6] DEBUG o.s.s.a.d.DaoAuthenticationProvider - Failed to find user 'admin'
2026-08-16 11:50:07.331 [http-nio-8080-exec-6] DEBUG o.s.s.web.DefaultRedirectStrategy - Redirecting to /login?error
2026-08-16 11:50:07.338 [http-nio-8080-exec-7] DEBUG o.s.security.web.FilterChainProxy - Securing GET /login?error
2026-08-16 11:50:07.420 [http-nio-8080-exec-8] DEBUG o.s.security.web.FilterChainProxy - Securing GET /default-ui.css
2026-08-16 11:50:07.481 [http-nio-8080-exec-9] DEBUG o.s.security.web.FilterChainProxy - Securing GET /favicon.ico
2026-08-16 11:50:07.483 [http-nio-8080-exec-9] DEBUG o.s.s.w.a.AnonymousAuthenticationFilter - Set SecurityContextHolder to anonymous SecurityContext
2026-08-16 11:50:07.487 [http-nio-8080-exec-9] DEBUG o.s.s.w.a.DelegatingAuthenticationEntryPoint - Trying to match using And [Not [RequestHeaderRequestMatcher [expectedHeaderName=X-Requested-With, expectedHeaderValue=XMLHttpRequest]], MediaTypeRequestMatcher [contentNegotiationStrategy=org.springframework.web.accept.ContentNegotiationManager@5095f89a, matchingMediaTypes=[application/xhtml+xml, image/*, text/html, text/plain], useEquals=false, ignoredMediaTypes=[*/*]]]
2026-08-16 11:50:07.488 [http-nio-8080-exec-9] DEBUG o.s.s.w.a.DelegatingAuthenticationEntryPoint - Match found! Executing org.springframework.security.web.authentication.LoginUrlAuthenticationEntryPoint@10efe4ca
2026-08-16 11:50:07.488 [http-nio-8080-exec-9] DEBUG o.s.s.web.DefaultRedirectStrategy - Redirecting to http://localhost:8080/login
2026-08-16 11:50:07.497 [http-nio-8080-exec-10] DEBUG o.s.security.web.FilterChainProxy - Securing GET /login
2026-08-16 11:50:28.389 [http-nio-8080-exec-1] DEBUG o.s.security.web.FilterChainProxy - Securing POST /login
2026-08-16 11:50:28.391 [http-nio-8080-exec-1] DEBUG o.s.s.a.d.DaoAuthenticationProvider - Failed to authenticate since password does not match stored value
2026-08-16 11:50:28.392 [http-nio-8080-exec-1] DEBUG o.s.s.web.DefaultRedirectStrategy - Redirecting to /login?error
2026-08-16 11:50:28.401 [http-nio-8080-exec-3] DEBUG o.s.security.web.FilterChainProxy - Securing GET /login?error
2026-08-16 11:50:28.493 [http-nio-8080-exec-4] DEBUG o.s.security.web.FilterChainProxy - Securing GET /default-ui.css
2026-08-16 11:50:28.540 [http-nio-8080-exec-5] DEBUG o.s.security.web.FilterChainProxy - Securing GET /favicon.ico
2026-08-16 11:50:28.542 [http-nio-8080-exec-5] DEBUG o.s.s.w.a.AnonymousAuthenticationFilter - Set SecurityContextHolder to anonymous SecurityContext
2026-08-16 11:50:28.542 [http-nio-8080-exec-5] DEBUG o.s.s.w.a.DelegatingAuthenticationEntryPoint - Trying to match using And [Not [RequestHeaderRequestMatcher [expectedHeaderName=X-Requested-With, expectedHeaderValue=XMLHttpRequest]], MediaTypeRequestMatcher [contentNegotiationStrategy=org.springframework.web.accept.ContentNegotiationManager@5095f89a, matchingMediaTypes=[application/xhtml+xml, image/*, text/html, text/plain], useEquals=false, ignoredMediaTypes=[*/*]]]
2026-08-16 11:50:28.543 [http-nio-8080-exec-5] DEBUG o.s.s.w.a.DelegatingAuthenticationEntryPoint - Match found! Executing org.springframework.security.web.authentication.LoginUrlAuthenticationEntryPoint@10efe4ca
2026-08-16 11:50:28.543 [http-nio-8080-exec-5] DEBUG o.s.s.web.DefaultRedirectStrategy - Redirecting to http://localhost:8080/login
2026-08-16 11:50:28.549 [http-nio-8080-exec-2] DEBUG o.s.security.web.FilterChainProxy - Securing GET /login
2026-08-16 11:50:45.186 [http-nio-8080-exec-6] DEBUG o.s.security.web.FilterChainProxy - Securing POST /login
2026-08-16 11:50:45.257 [http-nio-8080-exec-6] DEBUG o.s.s.a.d.DaoAuthenticationProvider - Authenticated user
2026-08-16 11:50:45.259 [http-nio-8080-exec-6] DEBUG o.s.s.w.a.s.ChangeSessionIdAuthenticationStrategy - Changed session id from 607A2387AEDBF1AAA9FC31DE7516AFD6
2026-08-16 11:50:45.260 [http-nio-8080-exec-6] DEBUG o.s.s.w.c.CsrfAuthenticationStrategy - Replaced CSRF Token
2026-08-16 11:50:45.260 [http-nio-8080-exec-6] DEBUG o.s.s.w.c.HttpSessionSecurityContextRepository - Stored SecurityContextImpl [Authentication=UsernamePasswordAuthenticationToken [Principal=org.springframework.security.core.userdetails.User [Username=joao@email.com, Password=[PROTECTED], Enabled=true, AccountNonExpired=true, CredentialsNonExpired=true, AccountNonLocked=true, Granted Authorities=[]], Credentials=[PROTECTED], Authenticated=true, Details=WebAuthenticationDetails [RemoteIpAddress=0:0:0:0:0:0:0:1, SessionId=607A2387AEDBF1AAA9FC31DE7516AFD6], Granted Authorities=[]]] to HttpSession [org.apache.catalina.session.StandardSessionFacade@3390f970]
2026-08-16 11:50:45.260 [http-nio-8080-exec-6] DEBUG o.s.s.w.a.UsernamePasswordAuthenticationFilter - Set SecurityContextHolder to UsernamePasswordAuthenticationToken [Principal=org.springframework.security.core.userdetails.User [Username=joao@email.com, Password=[PROTECTED], Enabled=true, AccountNonExpired=true, CredentialsNonExpired=true, AccountNonLocked=true, Granted Authorities=[]], Credentials=[PROTECTED], Authenticated=true, Details=WebAuthenticationDetails [RemoteIpAddress=0:0:0:0:0:0:0:1, SessionId=607A2387AEDBF1AAA9FC31DE7516AFD6], Granted Authorities=[]]
2026-08-16 11:50:45.261 [http-nio-8080-exec-6] DEBUG o.s.s.web.DefaultRedirectStrategy - Redirecting to http://localhost:8080/?continue
2026-08-16 11:50:45.267 [http-nio-8080-exec-7] DEBUG o.s.security.web.FilterChainProxy - Securing GET /?continue
2026-08-16 11:50:45.268 [http-nio-8080-exec-7] DEBUG o.s.s.w.s.HttpSessionRequestCache - Loaded matching saved request http://localhost:8080/?continue
2026-08-16 11:50:45.270 [http-nio-8080-exec-7] DEBUG o.s.s.w.c.HttpSessionSecurityContextRepository - Retrieved SecurityContextImpl [Authentication=UsernamePasswordAuthenticationToken [Principal=org.springframework.security.core.userdetails.User [Username=joao@email.com, Password=[PROTECTED], Enabled=true, AccountNonExpired=true, CredentialsNonExpired=true, AccountNonLocked=true, Granted Authorities=[]], Credentials=[PROTECTED], Authenticated=true, Details=WebAuthenticationDetails [RemoteIpAddress=0:0:0:0:0:0:0:1, SessionId=607A2387AEDBF1AAA9FC31DE7516AFD6], Granted Authorities=[]]]
2026-08-16 11:50:45.273 [http-nio-8080-exec-7] DEBUG o.s.security.web.FilterChainProxy - Secured GET /?continue
2026-08-16 11:50:45.275 [http-nio-8080-exec-7] DEBUG o.s.web.servlet.DispatcherServlet - GET "/?continue", parameters={masked}
2026-08-16 11:50:45.277 [http-nio-8080-exec-7] DEBUG o.s.w.s.m.m.a.RequestMappingHandlerMapping - Mapped to med.voll.web_application.controller.IndexController#carregarPaginaIndex()
2026-08-16 11:50:45.307 [http-nio-8080-exec-7] DEBUG o.s.w.s.v.ContentNegotiatingViewResolver - Selected 'text/html' given [text/html, application/xhtml+xml, image/avif, image/webp, image/apng, application/xml;q=0.9, */*;q=0.8, application/signed-exchange;v=b3;q=0.7]
2026-08-16 11:50:46.453 [http-nio-8080-exec-7] DEBUG o.s.web.servlet.DispatcherServlet - Completed 200 OK
2026-08-16 11:50:46.519 [http-nio-8080-exec-8] DEBUG o.s.security.web.FilterChainProxy - Securing GET /css/estilos.css
2026-08-16 11:50:46.521 [http-nio-8080-exec-8] DEBUG o.s.s.w.c.HttpSessionSecurityContextRepository - Retrieved SecurityContextImpl [Authentication=UsernamePasswordAuthenticationToken [Principal=org.springframework.security.core.userdetails.User [Username=joao@email.com, Password=[PROTECTED], Enabled=true, AccountNonExpired=true, CredentialsNonExpired=true, AccountNonLocked=true, Granted Authorities=[]], Credentials=[PROTECTED], Authenticated=true, Details=WebAuthenticationDetails [RemoteIpAddress=0:0:0:0:0:0:0:1, SessionId=607A2387AEDBF1AAA9FC31DE7516AFD6], Granted Authorities=[]]]
2026-08-16 11:50:46.521 [http-nio-8080-exec-8] DEBUG o.s.security.web.FilterChainProxy - Secured GET /css/estilos.css
2026-08-16 11:50:46.522 [http-nio-8080-exec-8] DEBUG o.s.web.servlet.DispatcherServlet - GET "/css/estilos.css", parameters={}
2026-08-16 11:50:46.523 [http-nio-8080-exec-8] DEBUG o.s.w.s.h.SimpleUrlHandlerMapping - Mapped to ResourceHttpRequestHandler [classpath [META-INF/resources/], classpath [resources/], classpath [static/], classpath [public/], ServletContext [/]]
2026-08-16 11:50:46.540 [http-nio-8080-exec-8] DEBUG o.s.web.servlet.DispatcherServlet - Completed 200 OK
2026-08-16 11:50:46.542 [http-nio-8080-exec-10] DEBUG o.s.security.web.FilterChainProxy - Securing GET /assets/medico.png
2026-08-16 11:50:46.543 [http-nio-8080-exec-3] DEBUG o.s.security.web.FilterChainProxy - Securing GET /assets/logo-alura.png
2026-08-16 11:50:46.544 [http-nio-8080-exec-10] DEBUG o.s.s.w.c.HttpSessionSecurityContextRepository - Retrieved SecurityContextImpl [Authentication=UsernamePasswordAuthenticationToken [Principal=org.springframework.security.core.userdetails.User [Username=joao@email.com, Password=[PROTECTED], Enabled=true, AccountNonExpired=true, CredentialsNonExpired=true, AccountNonLocked=true, Granted Authorities=[]], Credentials=[PROTECTED], Authenticated=true, Details=WebAuthenticationDetails [RemoteIpAddress=0:0:0:0:0:0:0:1, SessionId=607A2387AEDBF1AAA9FC31DE7516AFD6], Granted Authorities=[]]]
2026-08-16 11:50:46.544 [http-nio-8080-exec-3] DEBUG o.s.s.w.c.HttpSessionSecurityContextRepository - Retrieved SecurityContextImpl [Authentication=UsernamePasswordAuthenticationToken [Principal=org.springframework.security.core.userdetails.User [Username=joao@email.com, Password=[PROTECTED], Enabled=true, AccountNonExpired=true, CredentialsNonExpired=true, AccountNonLocked=true, Granted Authorities=[]], Credentials=[PROTECTED], Authenticated=true, Details=WebAuthenticationDetails [RemoteIpAddress=0:0:0:0:0:0:0:1, SessionId=607A2387AEDBF1AAA9FC31DE7516AFD6], Granted Authorities=[]]]
2026-08-16 11:50:46.545 [http-nio-8080-exec-3] DEBUG o.s.security.web.FilterChainProxy - Secured GET /assets/logo-alura.png
2026-08-16 11:50:46.545 [http-nio-8080-exec-10] DEBUG o.s.security.web.FilterChainProxy - Secured GET /assets/medico.png
2026-08-16 11:50:46.545 [http-nio-8080-exec-3] DEBUG o.s.web.servlet.DispatcherServlet - GET "/assets/logo-alura.png", parameters={}
2026-08-16 11:50:46.545 [http-nio-8080-exec-10] DEBUG o.s.web.servlet.DispatcherServlet - GET "/assets/medico.png", parameters={}
2026-08-16 11:50:46.541 [http-nio-8080-exec-9] DEBUG o.s.security.web.FilterChainProxy - Securing GET /assets/logo.png
2026-08-16 11:50:46.546 [http-nio-8080-exec-3] DEBUG o.s.w.s.h.SimpleUrlHandlerMapping - Mapped to ResourceHttpRequestHandler [classpath [META-INF/resources/], classpath [resources/], classpath [static/], classpath [public/], ServletContext [/]]
2026-08-16 11:50:46.546 [http-nio-8080-exec-10] DEBUG o.s.w.s.h.SimpleUrlHandlerMapping - Mapped to ResourceHttpRequestHandler [classpath [META-INF/resources/], classpath [resources/], classpath [static/], classpath [public/], ServletContext [/]]
2026-08-16 11:50:46.548 [http-nio-8080-exec-9] DEBUG o.s.s.w.c.HttpSessionSecurityContextRepository - Retrieved SecurityContextImpl [Authentication=UsernamePasswordAuthenticationToken [Principal=org.springframework.security.core.userdetails.User [Username=joao@email.com, Password=[PROTECTED], Enabled=true, AccountNonExpired=true, CredentialsNonExpired=true, AccountNonLocked=true, Granted Authorities=[]], Credentials=[PROTECTED], Authenticated=true, Details=WebAuthenticationDetails [RemoteIpAddress=0:0:0:0:0:0:0:1, SessionId=607A2387AEDBF1AAA9FC31DE7516AFD6], Granted Authorities=[]]]
2026-08-16 11:50:46.548 [http-nio-8080-exec-1] DEBUG o.s.security.web.FilterChainProxy - Securing GET /assets/medica.png
2026-08-16 11:50:46.551 [http-nio-8080-exec-1] DEBUG o.s.s.w.c.HttpSessionSecurityContextRepository - Retrieved SecurityContextImpl [Authentication=UsernamePasswordAuthenticationToken [Principal=org.springframework.security.core.userdetails.User [Username=joao@email.com, Password=[PROTECTED], Enabled=true, AccountNonExpired=true, CredentialsNonExpired=true, AccountNonLocked=true, Granted Authorities=[]], Credentials=[PROTECTED], Authenticated=true, Details=WebAuthenticationDetails [RemoteIpAddress=0:0:0:0:0:0:0:1, SessionId=607A2387AEDBF1AAA9FC31DE7516AFD6], Granted Authorities=[]]]
2026-08-16 11:50:46.550 [http-nio-8080-exec-9] DEBUG o.s.security.web.FilterChainProxy - Secured GET /assets/logo.png
2026-08-16 11:50:46.551 [http-nio-8080-exec-9] DEBUG o.s.web.servlet.DispatcherServlet - GET "/assets/logo.png", parameters={}
2026-08-16 11:50:46.552 [http-nio-8080-exec-9] DEBUG o.s.w.s.h.SimpleUrlHandlerMapping - Mapped to ResourceHttpRequestHandler [classpath [META-INF/resources/], classpath [resources/], classpath [static/], classpath [public/], ServletContext [/]]
2026-08-16 11:50:46.558 [http-nio-8080-exec-1] DEBUG o.s.security.web.FilterChainProxy - Secured GET /assets/medica.png
2026-08-16 11:50:46.559 [http-nio-8080-exec-3] DEBUG o.s.web.servlet.DispatcherServlet - Completed 200 OK
2026-08-16 11:50:46.563 [http-nio-8080-exec-9] DEBUG o.s.web.servlet.DispatcherServlet - Completed 200 OK
2026-08-16 11:50:46.562 [http-nio-8080-exec-1] DEBUG o.s.web.servlet.DispatcherServlet - GET "/assets/medica.png", parameters={}
2026-08-16 11:50:46.567 [http-nio-8080-exec-1] DEBUG o.s.w.s.h.SimpleUrlHandlerMapping - Mapped to ResourceHttpRequestHandler [classpath [META-INF/resources/], classpath [resources/], classpath [static/], classpath [public/], ServletContext [/]]
2026-08-16 11:50:46.578 [http-nio-8080-exec-9] DEBUG o.s.security.web.FilterChainProxy - Securing GET /js/script.js
2026-08-16 11:50:46.580 [http-nio-8080-exec-10] DEBUG o.s.web.servlet.DispatcherServlet - Completed 200 OK
2026-08-16 11:50:46.581 [http-nio-8080-exec-9] DEBUG o.s.s.w.c.HttpSessionSecurityContextRepository - Retrieved SecurityContextImpl [Authentication=UsernamePasswordAuthenticationToken [Principal=org.springframework.security.core.userdetails.User [Username=joao@email.com, Password=[PROTECTED], Enabled=true, AccountNonExpired=true, CredentialsNonExpired=true, AccountNonLocked=true, Granted Authorities=[]], Credentials=[PROTECTED], Authenticated=true, Details=WebAuthenticationDetails [RemoteIpAddress=0:0:0:0:0:0:0:1, SessionId=607A2387AEDBF1AAA9FC31DE7516AFD6], Granted Authorities=[]]]
2026-08-16 11:50:46.582 [http-nio-8080-exec-9] DEBUG o.s.security.web.FilterChainProxy - Secured GET /js/script.js
2026-08-16 11:50:46.582 [http-nio-8080-exec-9] DEBUG o.s.web.servlet.DispatcherServlet - GET "/js/script.js", parameters={}
2026-08-16 11:50:46.584 [http-nio-8080-exec-9] DEBUG o.s.w.s.h.SimpleUrlHandlerMapping - Mapped to ResourceHttpRequestHandler [classpath [META-INF/resources/], classpath [resources/], classpath [static/], classpath [public/], ServletContext [/]]
2026-08-16 11:50:46.593 [http-nio-8080-exec-9] DEBUG o.s.web.servlet.DispatcherServlet - Completed 200 OK
2026-08-16 11:50:46.594 [http-nio-8080-exec-1] DEBUG o.s.web.servlet.DispatcherServlet - Completed 200 OK
2026-08-16 11:50:46.648 [http-nio-8080-exec-4] DEBUG o.s.security.web.FilterChainProxy - Securing GET /assets/logo.png
2026-08-16 11:50:46.652 [http-nio-8080-exec-4] DEBUG o.s.s.w.c.HttpSessionSecurityContextRepository - Retrieved SecurityContextImpl [Authentication=UsernamePasswordAuthenticationToken [Principal=org.springframework.security.core.userdetails.User [Username=joao@email.com, Password=[PROTECTED], Enabled=true, AccountNonExpired=true, CredentialsNonExpired=true, AccountNonLocked=true, Granted Authorities=[]], Credentials=[PROTECTED], Authenticated=true, Details=WebAuthenticationDetails [RemoteIpAddress=0:0:0:0:0:0:0:1, SessionId=607A2387AEDBF1AAA9FC31DE7516AFD6], Granted Authorities=[]]]
2026-08-16 11:50:46.653 [http-nio-8080-exec-4] DEBUG o.s.security.web.FilterChainProxy - Secured GET /assets/logo.png
2026-08-16 11:50:46.654 [http-nio-8080-exec-4] DEBUG o.s.web.servlet.DispatcherServlet - GET "/assets/logo.png", parameters={}
2026-08-16 11:50:46.656 [http-nio-8080-exec-4] DEBUG o.s.w.s.h.SimpleUrlHandlerMapping - Mapped to ResourceHttpRequestHandler [classpath [META-INF/resources/], classpath [resources/], classpath [static/], classpath [public/], ServletContext [/]]
2026-08-16 11:50:46.660 [http-nio-8080-exec-4] DEBUG o.s.web.servlet.DispatcherServlet - Completed 200 OK
2026-08-16 11:51:07.247 [http-nio-8080-exec-5] DEBUG o.s.security.web.FilterChainProxy - Securing GET /medicos
2026-08-16 11:51:07.249 [http-nio-8080-exec-5] DEBUG o.s.s.w.c.HttpSessionSecurityContextRepository - Retrieved SecurityContextImpl [Authentication=UsernamePasswordAuthenticationToken [Principal=org.springframework.security.core.userdetails.User [Username=joao@email.com, Password=[PROTECTED], Enabled=true, AccountNonExpired=true, CredentialsNonExpired=true, AccountNonLocked=true, Granted Authorities=[]], Credentials=[PROTECTED], Authenticated=true, Details=WebAuthenticationDetails [RemoteIpAddress=0:0:0:0:0:0:0:1, SessionId=607A2387AEDBF1AAA9FC31DE7516AFD6], Granted Authorities=[]]]
2026-08-16 11:51:07.250 [http-nio-8080-exec-5] DEBUG o.s.security.web.FilterChainProxy - Secured GET /medicos
2026-08-16 11:51:07.251 [http-nio-8080-exec-5] DEBUG o.s.web.servlet.DispatcherServlet - GET "/medicos", parameters={}
2026-08-16 11:51:07.251 [http-nio-8080-exec-5] DEBUG o.s.w.s.m.m.a.RequestMappingHandlerMapping - Mapped to med.voll.web_application.controller.MedicoController#carregarPaginaListagem(Pageable, Model)
2026-08-16 11:51:07.263 [http-nio-8080-exec-5] INFO  m.v.w.domain.medico.MedicoService - Listing doctors - Page: 0, Size: 10
2026-08-16 11:51:07.264 [http-nio-8080-exec-5] INFO  m.v.w.i.telemetry.StructuredLogger - INFO [vollmed-web] - Doctors listing initiated
2026-08-16 11:51:07.361 [http-nio-8080-exec-5] DEBUG m.v.w.domain.medico.MedicoService - Total doctors found: 0
2026-08-16 11:51:07.361 [http-nio-8080-exec-5] INFO  m.v.w.i.telemetry.StructuredLogger - DEBUG [vollmed-web] - Doctors list retrieved successfully
2026-08-16 11:51:07.370 [http-nio-8080-exec-5] DEBUG o.s.w.s.v.ContentNegotiatingViewResolver - Selected 'text/html' given [text/html, application/xhtml+xml, image/avif, image/webp, image/apng, application/xml;q=0.9, */*;q=0.8, application/signed-exchange;v=b3;q=0.7]
2026-08-16 11:51:07.435 [http-nio-8080-exec-5] DEBUG o.s.web.servlet.DispatcherServlet - Completed 200 OK
2026-08-16 11:51:07.496 [http-nio-8080-exec-2] DEBUG o.s.security.web.FilterChainProxy - Securing GET /css/estilos.css
2026-08-16 11:51:07.497 [http-nio-8080-exec-2] DEBUG o.s.s.w.c.HttpSessionSecurityContextRepository - Retrieved SecurityContextImpl [Authentication=UsernamePasswordAuthenticationToken [Principal=org.springframework.security.core.userdetails.User [Username=joao@email.com, Password=[PROTECTED], Enabled=true, AccountNonExpired=true, CredentialsNonExpired=true, AccountNonLocked=true, Granted Authorities=[]], Credentials=[PROTECTED], Authenticated=true, Details=WebAuthenticationDetails [RemoteIpAddress=0:0:0:0:0:0:0:1, SessionId=607A2387AEDBF1AAA9FC31DE7516AFD6], Granted Authorities=[]]]
2026-08-16 11:51:07.499 [http-nio-8080-exec-2] DEBUG o.s.security.web.FilterChainProxy - Secured GET /css/estilos.css
2026-08-16 11:51:07.499 [http-nio-8080-exec-2] DEBUG o.s.web.servlet.DispatcherServlet - GET "/css/estilos.css", parameters={}
2026-08-16 11:51:07.501 [http-nio-8080-exec-2] DEBUG o.s.w.s.h.SimpleUrlHandlerMapping - Mapped to ResourceHttpRequestHandler [classpath [META-INF/resources/], classpath [resources/], classpath [static/], classpath [public/], ServletContext [/]]
2026-08-16 11:51:07.505 [http-nio-8080-exec-2] DEBUG o.s.web.servlet.DispatcherServlet - Completed 200 OK
2026-08-16 11:51:07.519 [http-nio-8080-exec-6] DEBUG o.s.security.web.FilterChainProxy - Securing GET /assets/logo.png
2026-08-16 11:51:07.520 [http-nio-8080-exec-8] DEBUG o.s.security.web.FilterChainProxy - Securing GET /assets/logo-alura.png
2026-08-16 11:51:07.521 [http-nio-8080-exec-6] DEBUG o.s.s.w.c.HttpSessionSecurityContextRepository - Retrieved SecurityContextImpl [Authentication=UsernamePasswordAuthenticationToken [Principal=org.springframework.security.core.userdetails.User [Username=joao@email.com, Password=[PROTECTED], Enabled=true, AccountNonExpired=true, CredentialsNonExpired=true, AccountNonLocked=true, Granted Authorities=[]], Credentials=[PROTECTED], Authenticated=true, Details=WebAuthenticationDetails [RemoteIpAddress=0:0:0:0:0:0:0:1, SessionId=607A2387AEDBF1AAA9FC31DE7516AFD6], Granted Authorities=[]]]
2026-08-16 11:51:07.523 [http-nio-8080-exec-6] DEBUG o.s.security.web.FilterChainProxy - Secured GET /assets/logo.png
2026-08-16 11:51:07.523 [http-nio-8080-exec-3] DEBUG o.s.security.web.FilterChainProxy - Securing GET /js/script.js
2026-08-16 11:51:07.524 [http-nio-8080-exec-6] DEBUG o.s.web.servlet.DispatcherServlet - GET "/assets/logo.png", parameters={}
2026-08-16 11:51:07.524 [http-nio-8080-exec-7] DEBUG o.s.security.web.FilterChainProxy - Securing GET /assets/plus.png
2026-08-16 11:51:07.525 [http-nio-8080-exec-3] DEBUG o.s.s.w.c.HttpSessionSecurityContextRepository - Retrieved SecurityContextImpl [Authentication=UsernamePasswordAuthenticationToken [Principal=org.springframework.security.core.userdetails.User [Username=joao@email.com, Password=[PROTECTED], Enabled=true, AccountNonExpired=true, CredentialsNonExpired=true, AccountNonLocked=true, Granted Authorities=[]], Credentials=[PROTECTED], Authenticated=true, Details=WebAuthenticationDetails [RemoteIpAddress=0:0:0:0:0:0:0:1, SessionId=607A2387AEDBF1AAA9FC31DE7516AFD6], Granted Authorities=[]]]
2026-08-16 11:51:07.525 [http-nio-8080-exec-7] DEBUG o.s.s.w.c.HttpSessionSecurityContextRepository - Retrieved SecurityContextImpl [Authentication=UsernamePasswordAuthenticationToken [Principal=org.springframework.security.core.userdetails.User [Username=joao@email.com, Password=[PROTECTED], Enabled=true, AccountNonExpired=true, CredentialsNonExpired=true, AccountNonLocked=true, Granted Authorities=[]], Credentials=[PROTECTED], Authenticated=true, Details=WebAuthenticationDetails [RemoteIpAddress=0:0:0:0:0:0:0:1, SessionId=607A2387AEDBF1AAA9FC31DE7516AFD6], Granted Authorities=[]]]
2026-08-16 11:51:07.525 [http-nio-8080-exec-3] DEBUG o.s.security.web.FilterChainProxy - Secured GET /js/script.js
2026-08-16 11:51:07.526 [http-nio-8080-exec-3] DEBUG o.s.web.servlet.DispatcherServlet - GET "/js/script.js", parameters={}
2026-08-16 11:51:07.526 [http-nio-8080-exec-8] DEBUG o.s.s.w.c.HttpSessionSecurityContextRepository - Retrieved SecurityContextImpl [Authentication=UsernamePasswordAuthenticationToken [Principal=org.springframework.security.core.userdetails.User [Username=joao@email.com, Password=[PROTECTED], Enabled=true, AccountNonExpired=true, CredentialsNonExpired=true, AccountNonLocked=true, Granted Authorities=[]], Credentials=[PROTECTED], Authenticated=true, Details=WebAuthenticationDetails [RemoteIpAddress=0:0:0:0:0:0:0:1, SessionId=607A2387AEDBF1AAA9FC31DE7516AFD6], Granted Authorities=[]]]
2026-08-16 11:51:07.526 [http-nio-8080-exec-3] DEBUG o.s.w.s.h.SimpleUrlHandlerMapping - Mapped to ResourceHttpRequestHandler [classpath [META-INF/resources/], classpath [resources/], classpath [static/], classpath [public/], ServletContext [/]]
2026-08-16 11:51:07.527 [http-nio-8080-exec-6] DEBUG o.s.w.s.h.SimpleUrlHandlerMapping - Mapped to ResourceHttpRequestHandler [classpath [META-INF/resources/], classpath [resources/], classpath [static/], classpath [public/], ServletContext [/]]
2026-08-16 11:51:07.527 [http-nio-8080-exec-7] DEBUG o.s.security.web.FilterChainProxy - Secured GET /assets/plus.png
2026-08-16 11:51:07.527 [http-nio-8080-exec-7] DEBUG o.s.web.servlet.DispatcherServlet - GET "/assets/plus.png", parameters={}
2026-08-16 11:51:07.527 [http-nio-8080-exec-8] DEBUG o.s.security.web.FilterChainProxy - Secured GET /assets/logo-alura.png
2026-08-16 11:51:07.528 [http-nio-8080-exec-8] DEBUG o.s.web.servlet.DispatcherServlet - GET "/assets/logo-alura.png", parameters={}
2026-08-16 11:51:07.528 [http-nio-8080-exec-7] DEBUG o.s.w.s.h.SimpleUrlHandlerMapping - Mapped to ResourceHttpRequestHandler [classpath [META-INF/resources/], classpath [resources/], classpath [static/], classpath [public/], ServletContext [/]]
2026-08-16 11:51:07.528 [http-nio-8080-exec-8] DEBUG o.s.w.s.h.SimpleUrlHandlerMapping - Mapped to ResourceHttpRequestHandler [classpath [META-INF/resources/], classpath [resources/], classpath [static/], classpath [public/], ServletContext [/]]
2026-08-16 11:51:07.534 [http-nio-8080-exec-8] DEBUG o.s.web.servlet.DispatcherServlet - Completed 200 OK
2026-08-16 11:51:07.534 [http-nio-8080-exec-7] DEBUG o.s.web.servlet.DispatcherServlet - Completed 200 OK
2026-08-16 11:51:07.538 [http-nio-8080-exec-6] DEBUG o.s.web.servlet.DispatcherServlet - Completed 200 OK
2026-08-16 11:51:07.543 [http-nio-8080-exec-3] DEBUG o.s.web.servlet.DispatcherServlet - Completed 200 OK
2026-08-16 15:01:51.728 [SpringApplicationShutdownHook] INFO  o.s.b.w.e.tomcat.GracefulShutdown - Commencing graceful shutdown. Waiting for active requests to complete
2026-08-16 15:01:51.735 [tomcat-shutdown] INFO  o.s.b.w.e.tomcat.GracefulShutdown - Graceful shutdown complete
2026-08-16 15:01:51.743 [SpringApplicationShutdownHook] INFO  o.s.o.j.LocalContainerEntityManagerFactoryBean - Closing JPA EntityManagerFactory for persistence unit 'default'
2026-08-16 15:01:51.747 [SpringApplicationShutdownHook] INFO  com.zaxxer.hikari.HikariDataSource - HikariPool-1 - Shutdown initiated...
2026-08-16 15:01:51.757 [SpringApplicationShutdownHook] INFO  com.zaxxer.hikari.HikariDataSource - HikariPool-1 - Shutdown completed.
2026-08-16 15:02:14.720 [background-preinit] INFO  o.h.validator.internal.util.Version - HV000001: Hibernate Validator 8.0.1.Final
2026-08-16 15:02:14.855 [main] INFO  m.v.web_application.WebApplication - Starting WebApplication using Java 25.0.1 with PID 15624 (C:\Users\User\Documents\Projetos Java\3865-seguranca-java\target\classes started by User in C:\Users\User\Documents\Projetos Java\3865-seguranca-java)
2026-08-16 15:02:14.857 [main] DEBUG m.v.web_application.WebApplication - Running with Spring Boot v3.4.0, Spring v6.2.0
2026-08-16 15:02:14.858 [main] INFO  m.v.web_application.WebApplication - No active profile set, falling back to 1 default profile: "default"
2026-08-16 15:02:18.655 [main] INFO  o.s.d.r.c.RepositoryConfigurationDelegate - Bootstrapping Spring Data JPA repositories in DEFAULT mode.
2026-08-16 15:02:18.701 [main] DEBUG o.s.d.r.c.RepositoryConfigurationDelegate - Scanning for JPA repositories in packages med.voll.web_application.
2026-08-16 15:02:18.727 [main] INFO  o.s.d.r.c.RepositoryConfigurationDelegate - Finished Spring Data repository scanning in 22 ms. Found 0 JPA repository interfaces.
2026-08-16 15:02:20.968 [main] INFO  o.s.b.w.e.tomcat.TomcatWebServer - Tomcat initialized with port 8080 (http)
2026-08-16 15:02:21.000 [main] INFO  o.a.coyote.http11.Http11NioProtocol - Initializing ProtocolHandler ["http-nio-8080"]
2026-08-16 15:02:21.006 [main] INFO  o.a.catalina.core.StandardService - Starting service [Tomcat]
2026-08-16 15:02:21.008 [main] INFO  o.a.catalina.core.StandardEngine - Starting Servlet engine: [Apache Tomcat/10.1.33]
2026-08-16 15:02:21.182 [main] INFO  o.a.c.c.C.[Tomcat].[localhost].[/] - Initializing Spring embedded WebApplicationContext
2026-08-16 15:02:21.183 [main] INFO  o.s.b.w.s.c.ServletWebServerApplicationContext - Root WebApplicationContext: initialization completed in 5672 ms
2026-08-16 15:02:22.561 [main] DEBUG o.s.w.f.ServerHttpObservationFilter - Filter 'webMvcObservationFilter' configured for use
2026-08-16 15:02:23.059 [main] INFO  com.zaxxer.hikari.HikariDataSource - HikariPool-1 - Starting...
2026-08-16 15:02:23.227 [main] INFO  i.o.api.GlobalOpenTelemetry - AutoConfiguredOpenTelemetrySdk found on classpath but automatic configuration is disabled. To enable, run your JVM with -Dotel.java.global-autoconfigure.enabled=true
2026-08-16 15:02:23.902 [main] INFO  com.zaxxer.hikari.pool.HikariPool - HikariPool-1 - Added connection com.mysql.cj.jdbc.ConnectionImpl@37344d31
2026-08-16 15:02:23.906 [main] INFO  com.zaxxer.hikari.HikariDataSource - HikariPool-1 - Start completed.
2026-08-16 15:02:24.027 [main] INFO  org.flywaydb.core.FlywayExecutor - Database: jdbc:mysql://localhost/vollmed_web?createDatabaseIfNotExist=true (MySQL 8.0)
2026-08-16 15:02:24.122 [main] INFO  o.f.core.internal.command.DbValidate - Successfully validated 2 migrations (execution time 00:00.052s)
2026-08-16 15:02:24.164 [main] INFO  o.f.core.internal.command.DbMigrate - Current version of schema `vollmed_web`: 2
2026-08-16 15:02:24.174 [main] INFO  o.f.core.internal.command.DbMigrate - Schema `vollmed_web` is up to date. No migration necessary.
2026-08-16 15:02:24.392 [main] INFO  o.h.jpa.internal.util.LogHelper - HHH000204: Processing PersistenceUnitInfo [name: default]
2026-08-16 15:02:24.527 [main] INFO  org.hibernate.Version - HHH000412: Hibernate ORM core version 6.6.2.Final
2026-08-16 15:02:24.625 [main] INFO  o.h.c.i.RegionFactoryInitiator - HHH000026: Second-level cache disabled
2026-08-16 15:02:25.105 [main] INFO  o.s.o.j.p.SpringPersistenceUnitInfo - No LoadTimeWeaver setup: ignoring JPA class transformer
2026-08-16 15:02:25.326 [main] INFO  o.hibernate.orm.connections.pooling - HHH10001005: Database info:
	Database JDBC URL [Connecting through datasource 'io.opentelemetry.instrumentation.jdbc.datasource.OpenTelemetryDataSource@20724c21']
	Database driver: undefined/unknown
	Database version: 8.0.46
	Autocommit mode: undefined/unknown
	Isolation level: undefined/unknown
	Minimum pool size: undefined/unknown
	Maximum pool size: undefined/unknown
2026-08-16 15:02:25.818 [main] INFO  o.h.e.t.j.p.i.JtaPlatformInitiator - HHH000489: No JTA platform available (set 'hibernate.transaction.jta.platform' to enable JTA platform integration)
2026-08-16 15:02:25.826 [main] INFO  o.s.o.j.LocalContainerEntityManagerFactoryBean - Initialized JPA EntityManagerFactory for persistence unit 'default'
2026-08-16 15:02:25.845 [main] WARN  o.s.b.w.s.c.AnnotationConfigServletWebServerApplicationContext - Exception encountered during context initialization - cancelling refresh attempt: org.springframework.beans.factory.BeanCreationException: Error creating bean with name 'consultaController': Lookup method resolution failed
2026-08-16 15:02:25.845 [main] INFO  o.s.o.j.LocalContainerEntityManagerFactoryBean - Closing JPA EntityManagerFactory for persistence unit 'default'
2026-08-16 15:02:25.849 [main] INFO  com.zaxxer.hikari.HikariDataSource - HikariPool-1 - Shutdown initiated...
2026-08-16 15:02:25.863 [main] INFO  com.zaxxer.hikari.HikariDataSource - HikariPool-1 - Shutdown completed.
2026-08-16 15:02:26.591 [OkHttp http://localhost:4317/...] ERROR i.o.e.internal.http.HttpExporter - Failed to export metrics. The request could not be executed. Full error message: unexpected end of stream on http://localhost:4317/...
java.io.IOException: unexpected end of stream on http://localhost:4317/...
	at okhttp3.internal.http1.Http1ExchangeCodec.readResponseHeaders(Http1ExchangeCodec.kt:210)
	at okhttp3.internal.connection.Exchange.readResponseHeaders(Exchange.kt:110)
	at okhttp3.internal.http.CallServerInterceptor.intercept(CallServerInterceptor.kt:93)
	at okhttp3.internal.http.RealInterceptorChain.proceed(RealInterceptorChain.kt:109)
	at okhttp3.internal.connection.ConnectInterceptor.intercept(ConnectInterceptor.kt:34)
	at okhttp3.internal.http.RealInterceptorChain.proceed(RealInterceptorChain.kt:109)
	at okhttp3.internal.cache.CacheInterceptor.intercept(CacheInterceptor.kt:95)
	at okhttp3.internal.http.RealInterceptorChain.proceed(RealInterceptorChain.kt:109)
	at okhttp3.internal.http.BridgeInterceptor.intercept(BridgeInterceptor.kt:83)
	at okhttp3.internal.http.RealInterceptorChain.proceed(RealInterceptorChain.kt:109)
	at okhttp3.internal.http.RetryAndFollowUpInterceptor.intercept(RetryAndFollowUpInterceptor.kt:76)
	at okhttp3.internal.http.RealInterceptorChain.proceed(RealInterceptorChain.kt:109)
	at io.opentelemetry.exporter.sender.okhttp.internal.RetryInterceptor.intercept(RetryInterceptor.java:91)
	at okhttp3.internal.http.RealInterceptorChain.proceed(RealInterceptorChain.kt:109)
	at okhttp3.internal.connection.RealCall.getResponseWithInterceptorChain$okhttp(RealCall.kt:201)
	at okhttp3.internal.connection.RealCall$AsyncCall.run(RealCall.kt:517)
	at java.base/java.util.concurrent.ThreadPoolExecutor.runWorker(ThreadPoolExecutor.java:1090)
	at java.base/java.util.concurrent.ThreadPoolExecutor$Worker.run(ThreadPoolExecutor.java:614)
	at java.base/java.lang.Thread.run(Thread.java:1474)
	Suppressed: java.net.ConnectException: Failed to connect to localhost/[0:0:0:0:0:0:0:1]:4317
		at okhttp3.internal.connection.RealConnection.connectSocket(RealConnection.kt:297)
		at okhttp3.internal.connection.RealConnection.connect(RealConnection.kt:207)
		at okhttp3.internal.connection.ExchangeFinder.findConnection(ExchangeFinder.kt:226)
		at okhttp3.internal.connection.ExchangeFinder.findHealthyConnection(ExchangeFinder.kt:106)
		at okhttp3.internal.connection.ExchangeFinder.find(ExchangeFinder.kt:74)
		at okhttp3.internal.connection.RealCall.initExchange$okhttp(RealCall.kt:255)
		at okhttp3.internal.connection.ConnectInterceptor.intercept(ConnectInterceptor.kt:32)
		... 14 common frames omitted
	Caused by: java.net.ConnectException: Connection refused: getsockopt
		at java.base/sun.nio.ch.Net.pollConnect(Native Method)
		at java.base/sun.nio.ch.Net.pollConnectNow(Net.java:639)
		at java.base/sun.nio.ch.NioSocketImpl.timedFinishConnect(NioSocketImpl.java:543)
		at java.base/sun.nio.ch.NioSocketImpl.connect(NioSocketImpl.java:594)
		at java.base/java.net.SocksSocketImpl.connect(SocksSocketImpl.java:284)
		at java.base/java.net.Socket.connect(Socket.java:659)
		at okhttp3.internal.platform.Platform.connectSocket(Platform.kt:128)
		at okhttp3.internal.connection.RealConnection.connectSocket(RealConnection.kt:295)
		... 20 common frames omitted
Caused by: java.io.EOFException: \n not found: limit=15 content=000006040000000000000500004000…
	at okio.RealBufferedSource.readUtf8LineStrict(RealBufferedSource.kt:335)
	at okhttp3.internal.http1.HeadersReader.readLine(HeadersReader.kt:29)
	at okhttp3.internal.http1.Http1ExchangeCodec.readResponseHeaders(Http1ExchangeCodec.kt:180)
	... 18 common frames omitted
2026-08-16 15:02:26.679 [OkHttp http://localhost:4317/...] ERROR i.o.e.internal.http.HttpExporter - Failed to export spans. The request could not be executed. Full error message: unexpected end of stream on http://localhost:4317/...
java.io.IOException: unexpected end of stream on http://localhost:4317/...
	at okhttp3.internal.http1.Http1ExchangeCodec.readResponseHeaders(Http1ExchangeCodec.kt:210)
	at okhttp3.internal.connection.Exchange.readResponseHeaders(Exchange.kt:110)
	at okhttp3.internal.http.CallServerInterceptor.intercept(CallServerInterceptor.kt:93)
	at okhttp3.internal.http.RealInterceptorChain.proceed(RealInterceptorChain.kt:109)
	at okhttp3.internal.connection.ConnectInterceptor.intercept(ConnectInterceptor.kt:34)
	at okhttp3.internal.http.RealInterceptorChain.proceed(RealInterceptorChain.kt:109)
	at okhttp3.internal.cache.CacheInterceptor.intercept(CacheInterceptor.kt:95)
	at okhttp3.internal.http.RealInterceptorChain.proceed(RealInterceptorChain.kt:109)
	at okhttp3.internal.http.BridgeInterceptor.intercept(BridgeInterceptor.kt:83)
	at okhttp3.internal.http.RealInterceptorChain.proceed(RealInterceptorChain.kt:109)
	at okhttp3.internal.http.RetryAndFollowUpInterceptor.intercept(RetryAndFollowUpInterceptor.kt:76)
	at okhttp3.internal.http.RealInterceptorChain.proceed(RealInterceptorChain.kt:109)
	at io.opentelemetry.exporter.sender.okhttp.internal.RetryInterceptor.intercept(RetryInterceptor.java:91)
	at okhttp3.internal.http.RealInterceptorChain.proceed(RealInterceptorChain.kt:109)
	at okhttp3.internal.connection.RealCall.getResponseWithInterceptorChain$okhttp(RealCall.kt:201)
	at okhttp3.internal.connection.RealCall$AsyncCall.run(RealCall.kt:517)
	at java.base/java.util.concurrent.ThreadPoolExecutor.runWorker(ThreadPoolExecutor.java:1090)
	at java.base/java.util.concurrent.ThreadPoolExecutor$Worker.run(ThreadPoolExecutor.java:614)
	at java.base/java.lang.Thread.run(Thread.java:1474)
	Suppressed: java.net.ConnectException: Failed to connect to localhost/[0:0:0:0:0:0:0:1]:4317
		at okhttp3.internal.connection.RealConnection.connectSocket(RealConnection.kt:297)
		at okhttp3.internal.connection.RealConnection.connect(RealConnection.kt:207)
		at okhttp3.internal.connection.ExchangeFinder.findConnection(ExchangeFinder.kt:226)
		at okhttp3.internal.connection.ExchangeFinder.findHealthyConnection(ExchangeFinder.kt:106)
		at okhttp3.internal.connection.ExchangeFinder.find(ExchangeFinder.kt:74)
		at okhttp3.internal.connection.RealCall.initExchange$okhttp(RealCall.kt:255)
		at okhttp3.internal.connection.ConnectInterceptor.intercept(ConnectInterceptor.kt:32)
		... 14 common frames omitted
	Caused by: java.net.ConnectException: Connection refused: getsockopt
		at java.base/sun.nio.ch.Net.pollConnect(Native Method)
		at java.base/sun.nio.ch.Net.pollConnectNow(Net.java:639)
		at java.base/sun.nio.ch.NioSocketImpl.timedFinishConnect(NioSocketImpl.java:543)
		at java.base/sun.nio.ch.NioSocketImpl.connect(NioSocketImpl.java:594)
		at java.base/java.net.SocksSocketImpl.connect(SocksSocketImpl.java:284)
		at java.base/java.net.Socket.connect(Socket.java:659)
		at okhttp3.internal.platform.Platform.connectSocket(Platform.kt:128)
		at okhttp3.internal.connection.RealConnection.connectSocket(RealConnection.kt:295)
		... 20 common frames omitted
Caused by: java.io.EOFException: \n not found: limit=15 content=000006040000000000000500004000…
	at okio.RealBufferedSource.readUtf8LineStrict(RealBufferedSource.kt:335)
	at okhttp3.internal.http1.HeadersReader.readLine(HeadersReader.kt:29)
	at okhttp3.internal.http1.Http1ExchangeCodec.readResponseHeaders(Http1ExchangeCodec.kt:180)
	... 18 common frames omitted
2026-08-16 15:02:26.683 [main] INFO  o.a.catalina.core.StandardService - Stopping service [Tomcat]
2026-08-16 15:02:26.687 [main] WARN  o.a.c.loader.WebappClassLoaderBase - The web application [ROOT] appears to have started a thread named [BatchSpanProcessor_WorkerThread-1] but has failed to stop it. This is very likely to create a memory leak. Stack trace of thread:
 java.base/jdk.internal.misc.Unsafe.park(Native Method)
 java.base/java.util.concurrent.locks.LockSupport.parkNanos(LockSupport.java:271)
 java.base/java.util.concurrent.locks.AbstractQueuedSynchronizer$ConditionObject.awaitNanos(AbstractQueuedSynchronizer.java:1803)
 java.base/java.util.concurrent.ArrayBlockingQueue.poll(ArrayBlockingQueue.java:436)
 io.opentelemetry.sdk.trace.export.BatchSpanProcessor$Worker.run(BatchSpanProcessor.java:266)
 java.base/java.lang.Thread.run(Thread.java:1474)
2026-08-16 15:02:26.687 [main] WARN  o.a.c.loader.WebappClassLoaderBase - The web application [ROOT] appears to have started a thread named [BatchLogRecordProcessor_WorkerThread-1] but has failed to stop it. This is very likely to create a memory leak. Stack trace of thread:
 java.base/jdk.internal.misc.Unsafe.park(Native Method)
 java.base/java.util.concurrent.locks.LockSupport.parkNanos(LockSupport.java:271)
 java.base/java.util.concurrent.locks.AbstractQueuedSynchronizer$ConditionObject.awaitNanos(AbstractQueuedSynchronizer.java:1803)
 java.base/java.util.concurrent.ArrayBlockingQueue.poll(ArrayBlockingQueue.java:436)
 io.opentelemetry.sdk.logs.export.BatchLogRecordProcessor$Worker.run(BatchLogRecordProcessor.java:246)
 java.base/java.lang.Thread.run(Thread.java:1474)
2026-08-16 15:02:26.688 [main] WARN  o.a.c.loader.WebappClassLoaderBase - The web application [ROOT] appears to have started a thread named [Okio Watchdog] but has failed to stop it. This is very likely to create a memory leak. Stack trace of thread:
 java.base/jdk.internal.misc.Unsafe.park(Native Method)
 java.base/java.util.concurrent.locks.LockSupport.parkNanos(LockSupport.java:271)
 java.base/java.util.concurrent.locks.AbstractQueuedSynchronizer$ConditionObject.await(AbstractQueuedSynchronizer.java:1892)
 okio.AsyncTimeout$Companion.awaitTimeout$okio(AsyncTimeout.kt:320)
 okio.AsyncTimeout$Watchdog.run(AsyncTimeout.kt:186)
2026-08-16 15:02:26.688 [main] WARN  o.a.c.loader.WebappClassLoaderBase - The web application [ROOT] appears to have started a thread named [OkHttp TaskRunner] but has failed to stop it. This is very likely to create a memory leak. Stack trace of thread:
 java.base/jdk.internal.misc.Unsafe.park(Native Method)
 java.base/java.util.concurrent.locks.LockSupport.parkNanos(LockSupport.java:408)
 java.base/java.util.concurrent.LinkedTransferQueue$DualNode.await(LinkedTransferQueue.java:452)
 java.base/java.util.concurrent.SynchronousQueue$Transferer.xferLifo(SynchronousQueue.java:194)
 java.base/java.util.concurrent.SynchronousQueue.xfer(SynchronousQueue.java:235)
 java.base/java.util.concurrent.SynchronousQueue.poll(SynchronousQueue.java:338)
 java.base/java.util.concurrent.ThreadPoolExecutor.getTask(ThreadPoolExecutor.java:1015)
 java.base/java.util.concurrent.ThreadPoolExecutor.runWorker(ThreadPoolExecutor.java:1076)
 java.base/java.util.concurrent.ThreadPoolExecutor$Worker.run(ThreadPoolExecutor.java:614)
 java.base/java.lang.Thread.run(Thread.java:1474)
2026-08-16 15:02:26.688 [main] WARN  o.a.c.loader.WebappClassLoaderBase - The web application [ROOT] appears to have started a thread named [OkHttp TaskRunner] but has failed to stop it. This is very likely to create a memory leak. Stack trace of thread:
 java.base/jdk.internal.misc.Unsafe.park(Native Method)
 java.base/java.util.concurrent.locks.LockSupport.parkNanos(LockSupport.java:408)
 java.base/java.util.concurrent.LinkedTransferQueue$DualNode.await(LinkedTransferQueue.java:452)
 java.base/java.util.concurrent.SynchronousQueue$Transferer.xferLifo(SynchronousQueue.java:194)
 java.base/java.util.concurrent.SynchronousQueue.xfer(SynchronousQueue.java:235)
 java.base/java.util.concurrent.SynchronousQueue.poll(SynchronousQueue.java:338)
 java.base/java.util.concurrent.ThreadPoolExecutor.getTask(ThreadPoolExecutor.java:1015)
 java.base/java.util.concurrent.ThreadPoolExecutor.runWorker(ThreadPoolExecutor.java:1076)
 java.base/java.util.concurrent.ThreadPoolExecutor$Worker.run(ThreadPoolExecutor.java:614)
 java.base/java.lang.Thread.run(Thread.java:1474)
2026-08-16 15:02:26.702 [main] INFO  o.s.b.a.l.ConditionEvaluationReportLogger - 

Error starting ApplicationContext. To display the condition evaluation report re-run your application with 'debug' enabled.
2026-08-16 15:02:26.724 [main] ERROR o.s.boot.SpringApplication - Application run failed
org.springframework.beans.factory.BeanCreationException: Error creating bean with name 'consultaController': Lookup method resolution failed
	at org.springframework.beans.factory.annotation.AutowiredAnnotationBeanPostProcessor.checkLookupMethods(AutowiredAnnotationBeanPostProcessor.java:498)
	at org.springframework.beans.factory.annotation.AutowiredAnnotationBeanPostProcessor.determineCandidateConstructors(AutowiredAnnotationBeanPostProcessor.java:368)
	at org.springframework.beans.factory.support.AbstractAutowireCapableBeanFactory.determineConstructorsFromBeanPostProcessors(AbstractAutowireCapableBeanFactory.java:1310)
	at org.springframework.beans.factory.support.AbstractAutowireCapableBeanFactory.createBeanInstance(AbstractAutowireCapableBeanFactory.java:1205)
	at org.springframework.beans.factory.support.AbstractAutowireCapableBeanFactory.doCreateBean(AbstractAutowireCapableBeanFactory.java:563)
	at org.springframework.beans.factory.support.AbstractAutowireCapableBeanFactory.createBean(AbstractAutowireCapableBeanFactory.java:523)
	at org.springframework.beans.factory.support.AbstractBeanFactory.lambda$doGetBean$0(AbstractBeanFactory.java:336)
	at org.springframework.beans.factory.support.DefaultSingletonBeanRegistry.getSingleton(DefaultSingletonBeanRegistry.java:288)
	at org.springframework.beans.factory.support.AbstractBeanFactory.doGetBean(AbstractBeanFactory.java:334)
	at org.springframework.beans.factory.support.AbstractBeanFactory.getBean(AbstractBeanFactory.java:199)
	at org.springframework.beans.factory.support.DefaultListableBeanFactory.instantiateSingleton(DefaultListableBeanFactory.java:1122)
	at org.springframework.beans.factory.support.DefaultListableBeanFactory.preInstantiateSingleton(DefaultListableBeanFactory.java:1093)
	at org.springframework.beans.factory.support.DefaultListableBeanFactory.preInstantiateSingletons(DefaultListableBeanFactory.java:1030)
	at org.springframework.context.support.AbstractApplicationContext.finishBeanFactoryInitialization(AbstractApplicationContext.java:987)
	at org.springframework.context.support.AbstractApplicationContext.refresh(AbstractApplicationContext.java:627)
	at org.springframework.boot.web.servlet.context.ServletWebServerApplicationContext.refresh(ServletWebServerApplicationContext.java:146)
	at org.springframework.boot.SpringApplication.refresh(SpringApplication.java:752)
	at org.springframework.boot.SpringApplication.refreshContext(SpringApplication.java:439)
	at org.springframework.boot.SpringApplication.run(SpringApplication.java:318)
	at org.springframework.boot.SpringApplication.run(SpringApplication.java:1361)
	at org.springframework.boot.SpringApplication.run(SpringApplication.java:1350)
	at med.voll.web_application.WebApplication.main(WebApplication.java:10)
Caused by: java.lang.IllegalStateException: Failed to introspect Class [med.voll.web_application.controller.ConsultaController] from ClassLoader [jdk.internal.loader.ClassLoaders$AppClassLoader@14dad5dc]
	at org.springframework.util.ReflectionUtils.getDeclaredMethods(ReflectionUtils.java:483)
	at org.springframework.util.ReflectionUtils.doWithLocalMethods(ReflectionUtils.java:320)
	at org.springframework.beans.factory.annotation.AutowiredAnnotationBeanPostProcessor.checkLookupMethods(AutowiredAnnotationBeanPostProcessor.java:476)
	... 21 common frames omitted
Caused by: java.lang.NoClassDefFoundError: med/voll/web_application/domain/RegraDeNegocioException
	at java.base/java.lang.Class.getDeclaredMethods0(Native Method)
	at java.base/java.lang.Class.privateGetDeclaredMethods(Class.java:3010)
	at java.base/java.lang.Class.getDeclaredMethods(Class.java:2329)
	at org.springframework.util.ReflectionUtils.getDeclaredMethods(ReflectionUtils.java:465)
	... 23 common frames omitted
Caused by: java.lang.ClassNotFoundException: med.voll.web_application.domain.RegraDeNegocioException
	at java.base/jdk.internal.loader.BuiltinClassLoader.loadClass(BuiltinClassLoader.java:580)
	at java.base/java.lang.ClassLoader.loadClass(ClassLoader.java:490)
	... 27 common frames omitted
2026-08-16 15:15:08.967 [background-preinit] INFO  o.h.validator.internal.util.Version - HV000001: Hibernate Validator 8.0.1.Final
2026-08-16 15:15:09.063 [main] INFO  m.v.web_application.WebApplication - Starting WebApplication using Java 25.0.1 with PID 19084 (C:\Users\User\Documents\Projetos Java\3865-seguranca-java\target\classes started by User in C:\Users\User\Documents\Projetos Java\3865-seguranca-java)
2026-08-16 15:15:09.064 [main] DEBUG m.v.web_application.WebApplication - Running with Spring Boot v3.4.0, Spring v6.2.0
2026-08-16 15:15:09.066 [main] INFO  m.v.web_application.WebApplication - No active profile set, falling back to 1 default profile: "default"
2026-08-16 15:15:10.846 [main] INFO  o.s.d.r.c.RepositoryConfigurationDelegate - Bootstrapping Spring Data JPA repositories in DEFAULT mode.
2026-08-16 15:15:10.863 [main] DEBUG o.s.d.r.c.RepositoryConfigurationDelegate - Scanning for JPA repositories in packages med.voll.web_application.
2026-08-16 15:15:10.878 [main] DEBUG o.s.d.r.c.RepositoryComponentProvider - Identified candidate component class: file [C:\Users\User\Documents\Projetos Java\3865-seguranca-java\target\classes\med\voll\web_application\domain\consulta\ConsultaRepository.class]
2026-08-16 15:15:10.879 [main] DEBUG o.s.d.r.c.RepositoryComponentProvider - Identified candidate component class: file [C:\Users\User\Documents\Projetos Java\3865-seguranca-java\target\classes\med\voll\web_application\domain\medico\MedicoRepository.class]
2026-08-16 15:15:10.921 [main] INFO  o.s.d.r.c.RepositoryConfigurationDelegate - Finished Spring Data repository scanning in 55 ms. Found 2 JPA repository interfaces.
2026-08-16 15:15:12.043 [main] INFO  o.s.b.w.e.tomcat.TomcatWebServer - Tomcat initialized with port 8080 (http)
2026-08-16 15:15:12.062 [main] INFO  o.a.coyote.http11.Http11NioProtocol - Initializing ProtocolHandler ["http-nio-8080"]
2026-08-16 15:15:12.066 [main] INFO  o.a.catalina.core.StandardService - Starting service [Tomcat]
2026-08-16 15:15:12.066 [main] INFO  o.a.catalina.core.StandardEngine - Starting Servlet engine: [Apache Tomcat/10.1.33]
2026-08-16 15:15:12.161 [main] INFO  o.a.c.c.C.[Tomcat].[localhost].[/] - Initializing Spring embedded WebApplicationContext
2026-08-16 15:15:12.161 [main] INFO  o.s.b.w.s.c.ServletWebServerApplicationContext - Root WebApplicationContext: initialization completed in 2722 ms
2026-08-16 15:15:12.843 [main] DEBUG o.s.w.f.ServerHttpObservationFilter - Filter 'webMvcObservationFilter' configured for use
2026-08-16 15:15:13.163 [main] INFO  com.zaxxer.hikari.HikariDataSource - HikariPool-1 - Starting...
2026-08-16 15:15:13.617 [main] INFO  com.zaxxer.hikari.pool.HikariPool - HikariPool-1 - Added connection com.mysql.cj.jdbc.ConnectionImpl@75ac326f
2026-08-16 15:15:13.620 [main] INFO  com.zaxxer.hikari.HikariDataSource - HikariPool-1 - Start completed.
2026-08-16 15:15:13.707 [main] INFO  org.flywaydb.core.FlywayExecutor - Database: jdbc:mysql://localhost/vollmed_web?createDatabaseIfNotExist=true (MySQL 8.0)
2026-08-16 15:15:13.774 [main] INFO  o.f.core.internal.command.DbValidate - Successfully validated 2 migrations (execution time 00:00.029s)
2026-08-16 15:15:13.801 [main] INFO  o.f.core.internal.command.DbMigrate - Current version of schema `vollmed_web`: 2
2026-08-16 15:15:13.806 [main] INFO  o.f.core.internal.command.DbMigrate - Schema `vollmed_web` is up to date. No migration necessary.
2026-08-16 15:15:13.970 [main] INFO  o.h.jpa.internal.util.LogHelper - HHH000204: Processing PersistenceUnitInfo [name: default]
2026-08-16 15:15:14.035 [main] INFO  org.hibernate.Version - HHH000412: Hibernate ORM core version 6.6.2.Final
2026-08-16 15:15:14.080 [main] INFO  o.h.c.i.RegionFactoryInitiator - HHH000026: Second-level cache disabled
2026-08-16 15:15:14.468 [main] INFO  o.s.o.j.p.SpringPersistenceUnitInfo - No LoadTimeWeaver setup: ignoring JPA class transformer
2026-08-16 15:15:14.555 [main] INFO  o.hibernate.orm.connections.pooling - HHH10001005: Database info:
	Database JDBC URL [Connecting through datasource 'io.opentelemetry.instrumentation.jdbc.datasource.OpenTelemetryDataSource@4f9e9c21']
	Database driver: undefined/unknown
	Database version: 8.0.46
	Autocommit mode: undefined/unknown
	Isolation level: undefined/unknown
	Minimum pool size: undefined/unknown
	Maximum pool size: undefined/unknown
2026-08-16 15:15:15.523 [main] INFO  o.h.e.t.j.p.i.JtaPlatformInitiator - HHH000489: No JTA platform available (set 'hibernate.transaction.jta.platform' to enable JTA platform integration)
2026-08-16 15:15:15.526 [main] INFO  o.s.o.j.LocalContainerEntityManagerFactoryBean - Initialized JPA EntityManagerFactory for persistence unit 'default'
2026-08-16 15:15:15.654 [main] DEBUG o.s.d.j.r.c.JpaMetamodelMappingContextFactoryBean - Initializing JpaMetamodelMappingContext…
2026-08-16 15:15:15.671 [main] DEBUG o.s.d.j.r.c.JpaMetamodelMappingContextFactoryBean - Finished initializing JpaMetamodelMappingContext
2026-08-16 15:15:15.832 [main] DEBUG o.s.d.r.c.s.RepositoryFactorySupport - Initializing repository instance for med.voll.web_application.domain.consulta.ConsultaRepository…
2026-08-16 15:15:15.890 [main] DEBUG o.s.d.j.repository.query.NamedQuery - Looking up named query Consulta.findAllByOrderByData
2026-08-16 15:15:15.895 [main] DEBUG o.s.d.j.repository.query.NamedQuery - Did not find named query Consulta.findAllByOrderByData
2026-08-16 15:15:15.938 [main] DEBUG o.s.d.r.c.s.RepositoryFactorySupport - Finished creation of repository instance for med.voll.web_application.domain.consulta.ConsultaRepository.
2026-08-16 15:15:15.964 [main] DEBUG o.s.d.r.c.s.RepositoryFactorySupport - Initializing repository instance for med.voll.web_application.domain.medico.MedicoRepository…
2026-08-16 15:15:15.971 [main] DEBUG o.s.d.j.repository.query.NamedQuery - Did not find named query Medico.isJaCadastrado.count
2026-08-16 15:15:15.987 [main] INFO  o.s.d.j.r.query.QueryEnhancerFactory - Hibernate is in classpath; If applicable, HQL parser will be used.
2026-08-16 15:15:16.770 [main] DEBUG o.s.d.j.repository.query.NamedQuery - Looking up named query Medico.findByEspecialidade
2026-08-16 15:15:16.772 [main] DEBUG o.s.d.j.repository.query.NamedQuery - Did not find named query Medico.findByEspecialidade
2026-08-16 15:15:16.796 [main] DEBUG o.s.d.r.c.s.RepositoryFactorySupport - Finished creation of repository instance for med.voll.web_application.domain.medico.MedicoRepository.
2026-08-16 15:15:16.941 [main] WARN  o.s.b.a.o.j.JpaBaseConfiguration$JpaWebConfiguration - spring.jpa.open-in-view is enabled by default. Therefore, database queries may be performed during view rendering. Explicitly configure spring.jpa.open-in-view to disable this warning
2026-08-16 15:15:17.018 [main] INFO  o.s.s.c.a.a.c.InitializeUserDetailsBeanManagerConfigurer$InitializeUserDetailsManagerConfigurer - Global AuthenticationManager configured with UserDetailsService bean with name dadosUsuarioCadastrado
2026-08-16 15:15:17.138 [main] INFO  o.s.b.a.w.s.WelcomePageHandlerMapping - Adding welcome page template: index
2026-08-16 15:15:17.252 [main] DEBUG o.s.w.s.m.m.a.RequestMappingHandlerMapping - 12 mappings in 'requestMappingHandlerMapping'
2026-08-16 15:15:17.401 [main] DEBUG o.s.w.s.h.SimpleUrlHandlerMapping - Patterns [/webjars/**, /**] in 'resourceHandlerMapping'
2026-08-16 15:15:17.663 [main] INFO  o.s.b.a.e.web.EndpointLinksResolver - Exposing 3 endpoints beneath base path '/actuator'
2026-08-16 15:15:17.967 [main] DEBUG o.s.s.web.DefaultSecurityFilterChain - Will secure any request with filters: DisableEncodeUrlFilter, WebAsyncManagerIntegrationFilter, SecurityContextHolderFilter, HeaderWriterFilter, CorsFilter, CsrfFilter, LogoutFilter, UsernamePasswordAuthenticationFilter, DefaultResourcesFilter, DefaultLoginPageGeneratingFilter, DefaultLogoutPageGeneratingFilter, BasicAuthenticationFilter, RequestCacheAwareFilter, SecurityContextHolderAwareRequestFilter, AnonymousAuthenticationFilter, ExceptionTranslationFilter, AuthorizationFilter
2026-08-16 15:15:18.164 [main] DEBUG o.s.w.s.m.m.a.RequestMappingHandlerAdapter - ControllerAdvice beans: 0 @ModelAttribute, 0 @InitBinder, 1 RequestBodyAdvice, 1 ResponseBodyAdvice
2026-08-16 15:15:18.414 [main] DEBUG o.s.w.s.m.m.a.ExceptionHandlerExceptionResolver - ControllerAdvice beans: 1 @ExceptionHandler, 1 ResponseBodyAdvice
2026-08-16 15:15:18.432 [main] WARN  o.s.b.w.s.c.AnnotationConfigServletWebServerApplicationContext - Exception encountered during context initialization - cancelling refresh attempt: org.springframework.boot.context.properties.ConfigurationPropertiesBindException: Error creating bean with name 'otel.resource-io.opentelemetry.instrumentation.spring.autoconfigure.internal.properties.OtelResourceProperties': Could not bind properties to 'OtelResourceProperties' : prefix=otel.resource, ignoreInvalidFields=false, ignoreUnknownFields=true
2026-08-16 15:15:18.436 [main] INFO  o.s.o.j.LocalContainerEntityManagerFactoryBean - Closing JPA EntityManagerFactory for persistence unit 'default'
2026-08-16 15:15:18.441 [main] INFO  com.zaxxer.hikari.HikariDataSource - HikariPool-1 - Shutdown initiated...
2026-08-16 15:15:18.456 [main] INFO  com.zaxxer.hikari.HikariDataSource - HikariPool-1 - Shutdown completed.
2026-08-16 15:15:18.464 [main] INFO  o.a.catalina.core.StandardService - Stopping service [Tomcat]
2026-08-16 15:15:18.468 [main] WARN  o.a.c.loader.WebappClassLoaderBase - The web application [ROOT] appears to have started a thread named [BatchSpanProcessor_WorkerThread-1] but has failed to stop it. This is very likely to create a memory leak. Stack trace of thread:
 java.base/jdk.internal.misc.Unsafe.park(Native Method)
 java.base/java.util.concurrent.locks.LockSupport.parkNanos(LockSupport.java:271)
 java.base/java.util.concurrent.locks.AbstractQueuedSynchronizer$ConditionObject.awaitNanos(AbstractQueuedSynchronizer.java:1803)
 java.base/java.util.concurrent.ArrayBlockingQueue.poll(ArrayBlockingQueue.java:436)
 io.opentelemetry.sdk.trace.export.BatchSpanProcessor$Worker.run(BatchSpanProcessor.java:266)
 java.base/java.lang.Thread.run(Thread.java:1474)
2026-08-16 15:15:18.469 [main] WARN  o.a.c.loader.WebappClassLoaderBase - The web application [ROOT] appears to have started a thread named [Okio Watchdog] but has failed to stop it. This is very likely to create a memory leak. Stack trace of thread:
 java.base/jdk.internal.misc.Unsafe.park(Native Method)
 java.base/java.util.concurrent.locks.LockSupport.parkNanos(LockSupport.java:271)
 java.base/java.util.concurrent.locks.AbstractQueuedSynchronizer$ConditionObject.await(AbstractQueuedSynchronizer.java:1892)
 okio.AsyncTimeout$Companion.awaitTimeout$okio(AsyncTimeout.kt:320)
 okio.AsyncTimeout$Watchdog.run(AsyncTimeout.kt:186)
2026-08-16 15:15:18.470 [main] WARN  o.a.c.loader.WebappClassLoaderBase - The web application [ROOT] appears to have started a thread named [OkHttp TaskRunner] but has failed to stop it. This is very likely to create a memory leak. Stack trace of thread:
 java.base/jdk.internal.misc.Unsafe.park(Native Method)
 java.base/java.util.concurrent.locks.LockSupport.parkNanos(LockSupport.java:408)
 java.base/java.util.concurrent.LinkedTransferQueue$DualNode.await(LinkedTransferQueue.java:452)
 java.base/java.util.concurrent.SynchronousQueue$Transferer.xferLifo(SynchronousQueue.java:194)
 java.base/java.util.concurrent.SynchronousQueue.xfer(SynchronousQueue.java:235)
 java.base/java.util.concurrent.SynchronousQueue.poll(SynchronousQueue.java:338)
 java.base/java.util.concurrent.ThreadPoolExecutor.getTask(ThreadPoolExecutor.java:1015)
 java.base/java.util.concurrent.ThreadPoolExecutor.runWorker(ThreadPoolExecutor.java:1076)
 java.base/java.util.concurrent.ThreadPoolExecutor$Worker.run(ThreadPoolExecutor.java:614)
 java.base/java.lang.Thread.run(Thread.java:1474)
2026-08-16 15:15:18.470 [main] WARN  o.a.c.loader.WebappClassLoaderBase - The web application [ROOT] appears to have started a thread named [OkHttp TaskRunner] but has failed to stop it. This is very likely to create a memory leak. Stack trace of thread:
 java.base/jdk.internal.misc.Unsafe.park(Native Method)
 java.base/java.util.concurrent.locks.LockSupport.parkNanos(LockSupport.java:408)
 java.base/java.util.concurrent.LinkedTransferQueue$DualNode.await(LinkedTransferQueue.java:452)
 java.base/java.util.concurrent.SynchronousQueue$Transferer.xferLifo(SynchronousQueue.java:194)
 java.base/java.util.concurrent.SynchronousQueue.xfer(SynchronousQueue.java:235)
 java.base/java.util.concurrent.SynchronousQueue.poll(SynchronousQueue.java:338)
 java.base/java.util.concurrent.ThreadPoolExecutor.getTask(ThreadPoolExecutor.java:1015)
 java.base/java.util.concurrent.ThreadPoolExecutor.runWorker(ThreadPoolExecutor.java:1076)
 java.base/java.util.concurrent.ThreadPoolExecutor$Worker.run(ThreadPoolExecutor.java:614)
 java.base/java.lang.Thread.run(Thread.java:1474)
2026-08-16 15:15:18.470 [main] WARN  o.a.c.loader.WebappClassLoaderBase - The web application [ROOT] appears to have started a thread named [OkHttp TaskRunner] but has failed to stop it. This is very likely to create a memory leak. Stack trace of thread:
 java.base/jdk.internal.misc.Unsafe.park(Native Method)
 java.base/java.util.concurrent.locks.LockSupport.parkNanos(LockSupport.java:408)
 java.base/java.util.concurrent.LinkedTransferQueue$DualNode.await(LinkedTransferQueue.java:452)
 java.base/java.util.concurrent.SynchronousQueue$Transferer.xferLifo(SynchronousQueue.java:194)
 java.base/java.util.concurrent.SynchronousQueue.xfer(SynchronousQueue.java:235)
 java.base/java.util.concurrent.SynchronousQueue.poll(SynchronousQueue.java:338)
 java.base/java.util.concurrent.ThreadPoolExecutor.getTask(ThreadPoolExecutor.java:1015)
 java.base/java.util.concurrent.ThreadPoolExecutor.runWorker(ThreadPoolExecutor.java:1076)
 java.base/java.util.concurrent.ThreadPoolExecutor$Worker.run(ThreadPoolExecutor.java:614)
 java.base/java.lang.Thread.run(Thread.java:1474)
2026-08-16 15:15:18.471 [main] WARN  o.a.c.loader.WebappClassLoaderBase - The web application [ROOT] appears to have started a thread named [OkHttp TaskRunner] but has failed to stop it. This is very likely to create a memory leak. Stack trace of thread:
 java.base/jdk.internal.misc.Unsafe.park(Native Method)
 java.base/java.util.concurrent.locks.LockSupport.parkNanos(LockSupport.java:408)
 java.base/java.util.concurrent.LinkedTransferQueue$DualNode.await(LinkedTransferQueue.java:452)
 java.base/java.util.concurrent.SynchronousQueue$Transferer.xferLifo(SynchronousQueue.java:194)
 java.base/java.util.concurrent.SynchronousQueue.xfer(SynchronousQueue.java:235)
 java.base/java.util.concurrent.SynchronousQueue.poll(SynchronousQueue.java:338)
 java.base/java.util.concurrent.ThreadPoolExecutor.getTask(ThreadPoolExecutor.java:1015)
 java.base/java.util.concurrent.ThreadPoolExecutor.runWorker(ThreadPoolExecutor.java:1076)
 java.base/java.util.concurrent.ThreadPoolExecutor$Worker.run(ThreadPoolExecutor.java:614)
 java.base/java.lang.Thread.run(Thread.java:1474)
2026-08-16 15:15:18.504 [main] INFO  o.s.b.a.l.ConditionEvaluationReportLogger - 

Error starting ApplicationContext. To display the condition evaluation report re-run your application with 'debug' enabled.
2026-08-16 15:15:18.534 [main] ERROR o.s.b.d.LoggingFailureAnalysisReporter - 

***************************
APPLICATION FAILED TO START
***************************

Description:

Failed to bind properties under 'otel.resource.attributes' to java.util.Map<java.lang.String, java.lang.String>:

    Property: otel.resource.attributes
    Value: "service.name=vollmed-web,service.version=1.0.0"
    Origin: class path resource [application.properties] - 33:26
    Reason: org.springframework.core.convert.ConverterNotFoundException: No converter found capable of converting from type [java.lang.String] to type [java.util.Map<java.lang.String, java.lang.String>]

Action:

Update your application's configuration

2026-08-16 15:27:54.454 [background-preinit] INFO  o.h.validator.internal.util.Version - HV000001: Hibernate Validator 8.0.1.Final
2026-08-16 15:27:54.563 [main] INFO  m.v.web_application.WebApplication - Starting WebApplication using Java 25.0.1 with PID 16152 (C:\Users\User\Documents\Projetos Java\3865-seguranca-java\target\classes started by User in C:\Users\User\Documents\Projetos Java\3865-seguranca-java)
2026-08-16 15:27:54.564 [main] DEBUG m.v.web_application.WebApplication - Running with Spring Boot v3.4.0, Spring v6.2.0
2026-08-16 15:27:54.565 [main] INFO  m.v.web_application.WebApplication - No active profile set, falling back to 1 default profile: "default"
2026-08-16 15:27:56.602 [main] INFO  o.s.d.r.c.RepositoryConfigurationDelegate - Bootstrapping Spring Data JPA repositories in DEFAULT mode.
2026-08-16 15:27:56.627 [main] DEBUG o.s.d.r.c.RepositoryConfigurationDelegate - Scanning for JPA repositories in packages med.voll.web_application.
2026-08-16 15:27:56.643 [main] DEBUG o.s.d.r.c.RepositoryComponentProvider - Identified candidate component class: file [C:\Users\User\Documents\Projetos Java\3865-seguranca-java\target\classes\med\voll\web_application\domain\consulta\ConsultaRepository.class]
2026-08-16 15:27:56.643 [main] DEBUG o.s.d.r.c.RepositoryComponentProvider - Identified candidate component class: file [C:\Users\User\Documents\Projetos Java\3865-seguranca-java\target\classes\med\voll\web_application\domain\medico\MedicoRepository.class]
2026-08-16 15:27:56.693 [main] INFO  o.s.d.r.c.RepositoryConfigurationDelegate - Finished Spring Data repository scanning in 63 ms. Found 2 JPA repository interfaces.
2026-08-16 15:27:58.032 [main] INFO  o.s.b.w.e.tomcat.TomcatWebServer - Tomcat initialized with port 8080 (http)
2026-08-16 15:27:58.058 [main] INFO  o.a.coyote.http11.Http11NioProtocol - Initializing ProtocolHandler ["http-nio-8080"]
2026-08-16 15:27:58.061 [main] INFO  o.a.catalina.core.StandardService - Starting service [Tomcat]
2026-08-16 15:27:58.062 [main] INFO  o.a.catalina.core.StandardEngine - Starting Servlet engine: [Apache Tomcat/10.1.33]
2026-08-16 15:27:58.165 [main] INFO  o.a.c.c.C.[Tomcat].[localhost].[/] - Initializing Spring embedded WebApplicationContext
2026-08-16 15:27:58.165 [main] INFO  o.s.b.w.s.c.ServletWebServerApplicationContext - Root WebApplicationContext: initialization completed in 3203 ms
2026-08-16 15:27:59.050 [main] DEBUG o.s.w.f.ServerHttpObservationFilter - Filter 'webMvcObservationFilter' configured for use
2026-08-16 15:27:59.464 [main] INFO  com.zaxxer.hikari.HikariDataSource - HikariPool-1 - Starting...
2026-08-16 15:28:00.104 [main] INFO  com.zaxxer.hikari.pool.HikariPool - HikariPool-1 - Added connection com.mysql.cj.jdbc.ConnectionImpl@642ec6
2026-08-16 15:28:00.110 [main] INFO  com.zaxxer.hikari.HikariDataSource - HikariPool-1 - Start completed.
2026-08-16 15:28:00.334 [main] INFO  org.flywaydb.core.FlywayExecutor - Database: jdbc:mysql://localhost/vollmed_web?createDatabaseIfNotExist=true (MySQL 8.0)
2026-08-16 15:28:00.512 [main] INFO  o.f.core.internal.command.DbValidate - Successfully validated 2 migrations (execution time 00:00.103s)
2026-08-16 15:28:00.566 [main] INFO  o.f.core.internal.command.DbMigrate - Current version of schema `vollmed_web`: 2
2026-08-16 15:28:00.575 [main] INFO  o.f.core.internal.command.DbMigrate - Schema `vollmed_web` is up to date. No migration necessary.
2026-08-16 15:28:00.955 [main] INFO  o.h.jpa.internal.util.LogHelper - HHH000204: Processing PersistenceUnitInfo [name: default]
2026-08-16 15:28:01.091 [main] INFO  org.hibernate.Version - HHH000412: Hibernate ORM core version 6.6.2.Final
2026-08-16 15:28:01.170 [main] INFO  o.h.c.i.RegionFactoryInitiator - HHH000026: Second-level cache disabled
2026-08-16 15:28:01.871 [main] INFO  o.s.o.j.p.SpringPersistenceUnitInfo - No LoadTimeWeaver setup: ignoring JPA class transformer
2026-08-16 15:28:02.060 [main] INFO  o.hibernate.orm.connections.pooling - HHH10001005: Database info:
	Database JDBC URL [Connecting through datasource 'io.opentelemetry.instrumentation.jdbc.datasource.OpenTelemetryDataSource@23169374']
	Database driver: undefined/unknown
	Database version: 8.0.46
	Autocommit mode: undefined/unknown
	Isolation level: undefined/unknown
	Minimum pool size: undefined/unknown
	Maximum pool size: undefined/unknown
2026-08-16 15:28:04.069 [main] INFO  o.h.e.t.j.p.i.JtaPlatformInitiator - HHH000489: No JTA platform available (set 'hibernate.transaction.jta.platform' to enable JTA platform integration)
2026-08-16 15:28:04.087 [main] INFO  o.s.o.j.LocalContainerEntityManagerFactoryBean - Initialized JPA EntityManagerFactory for persistence unit 'default'
2026-08-16 15:28:04.475 [main] DEBUG o.s.d.j.r.c.JpaMetamodelMappingContextFactoryBean - Initializing JpaMetamodelMappingContext…
2026-08-16 15:28:04.510 [main] DEBUG o.s.d.j.r.c.JpaMetamodelMappingContextFactoryBean - Finished initializing JpaMetamodelMappingContext
2026-08-16 15:28:04.861 [main] DEBUG o.s.d.r.c.s.RepositoryFactorySupport - Initializing repository instance for med.voll.web_application.domain.consulta.ConsultaRepository…
2026-08-16 15:28:05.001 [main] DEBUG o.s.d.j.repository.query.NamedQuery - Looking up named query Consulta.findAllByOrderByData
2026-08-16 15:28:05.008 [main] DEBUG o.s.d.j.repository.query.NamedQuery - Did not find named query Consulta.findAllByOrderByData
2026-08-16 15:28:05.102 [main] DEBUG o.s.d.r.c.s.RepositoryFactorySupport - Finished creation of repository instance for med.voll.web_application.domain.consulta.ConsultaRepository.
2026-08-16 15:28:05.172 [main] DEBUG o.s.d.r.c.s.RepositoryFactorySupport - Initializing repository instance for med.voll.web_application.domain.medico.MedicoRepository…
2026-08-16 15:28:05.188 [main] DEBUG o.s.d.j.repository.query.NamedQuery - Did not find named query Medico.isJaCadastrado.count
2026-08-16 15:28:05.225 [main] INFO  o.s.d.j.r.query.QueryEnhancerFactory - Hibernate is in classpath; If applicable, HQL parser will be used.
2026-08-16 15:28:06.522 [main] DEBUG o.s.d.j.repository.query.NamedQuery - Looking up named query Medico.findByEspecialidade
2026-08-16 15:28:06.522 [main] DEBUG o.s.d.j.repository.query.NamedQuery - Did not find named query Medico.findByEspecialidade
2026-08-16 15:28:06.541 [main] DEBUG o.s.d.r.c.s.RepositoryFactorySupport - Finished creation of repository instance for med.voll.web_application.domain.medico.MedicoRepository.
2026-08-16 15:28:06.747 [main] WARN  o.s.b.a.o.j.JpaBaseConfiguration$JpaWebConfiguration - spring.jpa.open-in-view is enabled by default. Therefore, database queries may be performed during view rendering. Explicitly configure spring.jpa.open-in-view to disable this warning
2026-08-16 15:28:06.825 [main] INFO  o.s.s.c.a.a.c.InitializeUserDetailsBeanManagerConfigurer$InitializeUserDetailsManagerConfigurer - Global AuthenticationManager configured with UserDetailsService bean with name dadosUsuarioCadastrado
2026-08-16 15:28:06.974 [main] INFO  o.s.b.a.w.s.WelcomePageHandlerMapping - Adding welcome page template: index
2026-08-16 15:28:07.091 [main] DEBUG o.s.w.s.m.m.a.RequestMappingHandlerMapping - 12 mappings in 'requestMappingHandlerMapping'
2026-08-16 15:28:07.337 [main] DEBUG o.s.w.s.h.SimpleUrlHandlerMapping - Patterns [/webjars/**, /**] in 'resourceHandlerMapping'
2026-08-16 15:28:07.621 [main] INFO  o.s.b.a.e.web.EndpointLinksResolver - Exposing 3 endpoints beneath base path '/actuator'
2026-08-16 15:28:07.803 [main] DEBUG o.s.s.web.DefaultSecurityFilterChain - Will secure any request with filters: DisableEncodeUrlFilter, WebAsyncManagerIntegrationFilter, SecurityContextHolderFilter, HeaderWriterFilter, CorsFilter, CsrfFilter, LogoutFilter, UsernamePasswordAuthenticationFilter, DefaultResourcesFilter, DefaultLoginPageGeneratingFilter, DefaultLogoutPageGeneratingFilter, BasicAuthenticationFilter, RequestCacheAwareFilter, SecurityContextHolderAwareRequestFilter, AnonymousAuthenticationFilter, ExceptionTranslationFilter, AuthorizationFilter
2026-08-16 15:28:08.108 [main] DEBUG o.s.w.s.m.m.a.RequestMappingHandlerAdapter - ControllerAdvice beans: 0 @ModelAttribute, 0 @InitBinder, 1 RequestBodyAdvice, 1 ResponseBodyAdvice
2026-08-16 15:28:08.507 [main] DEBUG o.s.w.s.m.m.a.ExceptionHandlerExceptionResolver - ControllerAdvice beans: 1 @ExceptionHandler, 1 ResponseBodyAdvice
2026-08-16 15:28:08.538 [main] WARN  o.s.b.w.s.c.AnnotationConfigServletWebServerApplicationContext - Exception encountered during context initialization - cancelling refresh attempt: org.springframework.boot.context.properties.ConfigurationPropertiesBindException: Error creating bean with name 'otel.resource-io.opentelemetry.instrumentation.spring.autoconfigure.internal.properties.OtelResourceProperties': Could not bind properties to 'OtelResourceProperties' : prefix=otel.resource, ignoreInvalidFields=false, ignoreUnknownFields=true
2026-08-16 15:28:08.543 [main] INFO  o.s.o.j.LocalContainerEntityManagerFactoryBean - Closing JPA EntityManagerFactory for persistence unit 'default'
2026-08-16 15:28:08.551 [main] INFO  com.zaxxer.hikari.HikariDataSource - HikariPool-1 - Shutdown initiated...
2026-08-16 15:28:08.587 [main] INFO  com.zaxxer.hikari.HikariDataSource - HikariPool-1 - Shutdown completed.
2026-08-16 15:28:08.606 [main] INFO  o.a.catalina.core.StandardService - Stopping service [Tomcat]
2026-08-16 15:28:08.613 [main] WARN  o.a.c.loader.WebappClassLoaderBase - The web application [ROOT] appears to have started a thread named [BatchSpanProcessor_WorkerThread-1] but has failed to stop it. This is very likely to create a memory leak. Stack trace of thread:
 java.base/jdk.internal.misc.Unsafe.park(Native Method)
 java.base/java.util.concurrent.locks.LockSupport.parkNanos(LockSupport.java:271)
 java.base/java.util.concurrent.locks.AbstractQueuedSynchronizer$ConditionObject.awaitNanos(AbstractQueuedSynchronizer.java:1803)
 java.base/java.util.concurrent.ArrayBlockingQueue.poll(ArrayBlockingQueue.java:436)
 io.opentelemetry.sdk.trace.export.BatchSpanProcessor$Worker.run(BatchSpanProcessor.java:266)
 java.base/java.lang.Thread.run(Thread.java:1474)
2026-08-16 15:28:08.615 [main] WARN  o.a.c.loader.WebappClassLoaderBase - The web application [ROOT] appears to have started a thread named [Okio Watchdog] but has failed to stop it. This is very likely to create a memory leak. Stack trace of thread:
 java.base/jdk.internal.misc.Unsafe.park(Native Method)
 java.base/java.util.concurrent.locks.LockSupport.parkNanos(LockSupport.java:271)
 java.base/java.util.concurrent.locks.AbstractQueuedSynchronizer$ConditionObject.await(AbstractQueuedSynchronizer.java:1892)
 okio.AsyncTimeout$Companion.awaitTimeout$okio(AsyncTimeout.kt:320)
 okio.AsyncTimeout$Watchdog.run(AsyncTimeout.kt:186)
2026-08-16 15:28:08.617 [main] WARN  o.a.c.loader.WebappClassLoaderBase - The web application [ROOT] appears to have started a thread named [OkHttp TaskRunner] but has failed to stop it. This is very likely to create a memory leak. Stack trace of thread:
 java.base/jdk.internal.misc.Unsafe.park(Native Method)
 java.base/java.util.concurrent.locks.LockSupport.parkNanos(LockSupport.java:408)
 java.base/java.util.concurrent.LinkedTransferQueue$DualNode.await(LinkedTransferQueue.java:452)
 java.base/java.util.concurrent.SynchronousQueue$Transferer.xferLifo(SynchronousQueue.java:194)
 java.base/java.util.concurrent.SynchronousQueue.xfer(SynchronousQueue.java:235)
 java.base/java.util.concurrent.SynchronousQueue.poll(SynchronousQueue.java:338)
 java.base/java.util.concurrent.ThreadPoolExecutor.getTask(ThreadPoolExecutor.java:1015)
 java.base/java.util.concurrent.ThreadPoolExecutor.runWorker(ThreadPoolExecutor.java:1076)
 java.base/java.util.concurrent.ThreadPoolExecutor$Worker.run(ThreadPoolExecutor.java:614)
 java.base/java.lang.Thread.run(Thread.java:1474)
2026-08-16 15:28:08.617 [main] WARN  o.a.c.loader.WebappClassLoaderBase - The web application [ROOT] appears to have started a thread named [OkHttp TaskRunner] but has failed to stop it. This is very likely to create a memory leak. Stack trace of thread:
 java.base/jdk.internal.misc.Unsafe.park(Native Method)
 java.base/java.util.concurrent.locks.LockSupport.parkNanos(LockSupport.java:408)
 java.base/java.util.concurrent.LinkedTransferQueue$DualNode.await(LinkedTransferQueue.java:452)
 java.base/java.util.concurrent.SynchronousQueue$Transferer.xferLifo(SynchronousQueue.java:194)
 java.base/java.util.concurrent.SynchronousQueue.xfer(SynchronousQueue.java:235)
 java.base/java.util.concurrent.SynchronousQueue.poll(SynchronousQueue.java:338)
 java.base/java.util.concurrent.ThreadPoolExecutor.getTask(ThreadPoolExecutor.java:1015)
 java.base/java.util.concurrent.ThreadPoolExecutor.runWorker(ThreadPoolExecutor.java:1076)
 java.base/java.util.concurrent.ThreadPoolExecutor$Worker.run(ThreadPoolExecutor.java:614)
 java.base/java.lang.Thread.run(Thread.java:1474)
2026-08-16 15:28:08.618 [main] WARN  o.a.c.loader.WebappClassLoaderBase - The web application [ROOT] appears to have started a thread named [OkHttp TaskRunner] but has failed to stop it. This is very likely to create a memory leak. Stack trace of thread:
 java.base/jdk.internal.misc.Unsafe.park(Native Method)
 java.base/java.util.concurrent.locks.LockSupport.parkNanos(LockSupport.java:408)
 java.base/java.util.concurrent.LinkedTransferQueue$DualNode.await(LinkedTransferQueue.java:452)
 java.base/java.util.concurrent.SynchronousQueue$Transferer.xferLifo(SynchronousQueue.java:194)
 java.base/java.util.concurrent.SynchronousQueue.xfer(SynchronousQueue.java:235)
 java.base/java.util.concurrent.SynchronousQueue.poll(SynchronousQueue.java:338)
 java.base/java.util.concurrent.ThreadPoolExecutor.getTask(ThreadPoolExecutor.java:1015)
 java.base/java.util.concurrent.ThreadPoolExecutor.runWorker(ThreadPoolExecutor.java:1076)
 java.base/java.util.concurrent.ThreadPoolExecutor$Worker.run(ThreadPoolExecutor.java:614)
 java.base/java.lang.Thread.run(Thread.java:1474)
2026-08-16 15:28:08.618 [main] WARN  o.a.c.loader.WebappClassLoaderBase - The web application [ROOT] appears to have started a thread named [OkHttp TaskRunner] but has failed to stop it. This is very likely to create a memory leak. Stack trace of thread:
 java.base/jdk.internal.misc.Unsafe.park(Native Method)
 java.base/java.util.concurrent.locks.LockSupport.parkNanos(LockSupport.java:408)
 java.base/java.util.concurrent.LinkedTransferQueue$DualNode.await(LinkedTransferQueue.java:452)
 java.base/java.util.concurrent.SynchronousQueue$Transferer.xferLifo(SynchronousQueue.java:194)
 java.base/java.util.concurrent.SynchronousQueue.xfer(SynchronousQueue.java:235)
 java.base/java.util.concurrent.SynchronousQueue.poll(SynchronousQueue.java:338)
 java.base/java.util.concurrent.ThreadPoolExecutor.getTask(ThreadPoolExecutor.java:1015)
 java.base/java.util.concurrent.ThreadPoolExecutor.runWorker(ThreadPoolExecutor.java:1076)
 java.base/java.util.concurrent.ThreadPoolExecutor$Worker.run(ThreadPoolExecutor.java:614)
 java.base/java.lang.Thread.run(Thread.java:1474)
2026-08-16 15:28:08.619 [main] WARN  o.a.c.loader.WebappClassLoaderBase - The web application [ROOT] appears to have started a thread named [OkHttp TaskRunner] but has failed to stop it. This is very likely to create a memory leak. Stack trace of thread:
 java.base/jdk.internal.misc.Unsafe.park(Native Method)
 java.base/java.util.concurrent.locks.LockSupport.parkNanos(LockSupport.java:408)
 java.base/java.util.concurrent.LinkedTransferQueue$DualNode.await(LinkedTransferQueue.java:452)
 java.base/java.util.concurrent.SynchronousQueue$Transferer.xferLifo(SynchronousQueue.java:194)
 java.base/java.util.concurrent.SynchronousQueue.xfer(SynchronousQueue.java:235)
 java.base/java.util.concurrent.SynchronousQueue.poll(SynchronousQueue.java:338)
 java.base/java.util.concurrent.ThreadPoolExecutor.getTask(ThreadPoolExecutor.java:1015)
 java.base/java.util.concurrent.ThreadPoolExecutor.runWorker(ThreadPoolExecutor.java:1076)
 java.base/java.util.concurrent.ThreadPoolExecutor$Worker.run(ThreadPoolExecutor.java:614)
 java.base/java.lang.Thread.run(Thread.java:1474)
2026-08-16 15:28:08.752 [main] INFO  o.s.b.a.l.ConditionEvaluationReportLogger - 

Error starting ApplicationContext. To display the condition evaluation report re-run your application with 'debug' enabled.
2026-08-16 15:28:08.964 [main] ERROR o.s.b.d.LoggingFailureAnalysisReporter - 

***************************
APPLICATION FAILED TO START
***************************

Description:

Failed to bind properties under 'otel.resource.attributes' to java.util.Map<java.lang.String, java.lang.String>:

    Property: otel.resource.attributes
    Value: "service.name=vollmed-web,service.version=1.0.0"
    Origin: class path resource [application.properties] - 33:26
    Reason: org.springframework.core.convert.ConverterNotFoundException: No converter found capable of converting from type [java.lang.String] to type [java.util.Map<java.lang.String, java.lang.String>]

Action:

Update your application's configuration

